Component: Arm Compiler for Embedded 6.21 Tool: armlink [5ec1fa00]

==============================================================================

Section Cross References

    gd32e23x_it.o(.ARM.exidx.text.NMI_Handler) refers to gd32e23x_it.o(.text.NMI_Handler) for [Anonymous Symbol]
    gd32e23x_it.o(.ARM.exidx.text.HardFault_Handler) refers to gd32e23x_it.o(.text.HardFault_Handler) for [Anonymous Symbol]
    gd32e23x_it.o(.ARM.exidx.text.SVC_Handler) refers to gd32e23x_it.o(.text.SVC_Handler) for [Anonymous Symbol]
    gd32e23x_it.o(.ARM.exidx.text.PendSV_Handler) refers to gd32e23x_it.o(.text.PendSV_Handler) for [Anonymous Symbol]
    gd32e23x_it.o(.ARM.exidx.text.SysTick_Handler) refers to gd32e23x_it.o(.text.SysTick_Handler) for [Anonymous Symbol]
    main.o(.text.main) refers to main.o(.text.Init_Oscilloscope) for Init_Oscilloscope
    main.o(.text.main) refers to systick.o(.text.systick_config) for systick_config
    main.o(.text.main) refers to led.o(.text.Init_LED_GPIO) for Init_LED_GPIO
    main.o(.text.main) refers to tft_init.o(.text.TFT_Init) for TFT_Init
    main.o(.text.main) refers to img.o(.text.IMG_Bootload) for IMG_Bootload
    main.o(.text.main) refers to tft.o(.text.TFT_Fill) for TFT_Fill
    main.o(.text.main) refers to usart.o(.text.Init_USART) for Init_USART
    main.o(.text.main) refers to adc.o(.text.ADC_DMA_Init) for ADC_DMA_Init
    main.o(.text.main) refers to adc.o(.text.Init_ADC) for Init_ADC
    main.o(.text.main) refers to timer.o(.text.Init_PWM_Output) for Init_PWM_Output
    main.o(.text.main) refers to key.o(.text.Init_EC11_GPIO) for Init_EC11_GPIO
    main.o(.text.main) refers to key.o(.text.Init_Key_GPIO) for Init_Key_GPIO
    main.o(.text.main) refers to freq.o(.text.Init_FreqTimer) for Init_FreqTimer
    main.o(.text.main) refers to tft.o(.text.TFT_StaticUI) for TFT_StaticUI
    main.o(.text.main) refers to key.o(.text.Key_Handle) for Key_Handle
    main.o(.text.main) refers to adc.o(.text.Get_ADC_Value) for Get_ADC_Value
    main.o(.text.main) refers to fflti.o(.text) for __aeabi_i2f
    main.o(.text.main) refers to fmul.o(.text) for __aeabi_fmul
    main.o(.text.main) refers to fdiv.o(.text) for __aeabi_fdiv
    main.o(.text.main) refers to fadd.o(.text) for __aeabi_fadd
    main.o(.text.main) refers to fcmpge.o(.text) for __aeabi_fcmpge
    main.o(.text.main) refers to f2d.o(.text) for __aeabi_f2d
    main.o(.text.main) refers to dcmpgt.o(.text) for __aeabi_dcmpgt
    main.o(.text.main) refers to gd32e23x_dma.o(.text.dma_transfer_number_config) for dma_transfer_number_config
    main.o(.text.main) refers to gd32e23x_dma.o(.text.dma_channel_enable) for dma_channel_enable
    main.o(.text.main) refers to fcmple.o(.text) for __aeabi_fcmple
    main.o(.text.main) refers to dcmple.o(.text) for __aeabi_dcmple
    main.o(.text.main) refers to fcmplt.o(.text) for __aeabi_fcmplt
    main.o(.text.main) refers to ffixi.o(.text) for __aeabi_f2iz
    main.o(.text.main) refers to tft.o(.text.drawCurve) for drawCurve
    main.o(.text.main) refers to tft.o(.text.TFT_ShowUI) for TFT_ShowUI
    main.o(.text.main) refers to main.o(.bss.oscilloscope) for oscilloscope
    main.o(.ARM.exidx.text.main) refers to main.o(.text.main) for [Anonymous Symbol]
    main.o(.ARM.exidx.text.Init_Oscilloscope) refers to main.o(.text.Init_Oscilloscope) for [Anonymous Symbol]
    systick.o(.text.systick_config) refers to gd32e23x_misc.o(.text.systick_clksource_set) for systick_clksource_set
    systick.o(.text.systick_config) refers to ffltui.o(.text) for __aeabi_ui2f
    systick.o(.text.systick_config) refers to fdiv.o(.text) for __aeabi_fdiv
    systick.o(.text.systick_config) refers to fmul.o(.text) for __aeabi_fmul
    systick.o(.text.systick_config) refers to system_gd32e23x.o(.data.SystemCoreClock) for SystemCoreClock
    systick.o(.text.systick_config) refers to systick.o(.bss.count_1us) for [Anonymous Symbol]
    systick.o(.text.systick_config) refers to systick.o(.bss.count_1ms) for [Anonymous Symbol]
    systick.o(.ARM.exidx.text.systick_config) refers to systick.o(.text.systick_config) for [Anonymous Symbol]
    systick.o(.text.delay_1us) refers to ffltui.o(.text) for __aeabi_ui2f
    systick.o(.text.delay_1us) refers to fmul.o(.text) for __aeabi_fmul
    systick.o(.text.delay_1us) refers to ffixui.o(.text) for __aeabi_f2uiz
    systick.o(.text.delay_1us) refers to systick.o(.bss.count_1us) for [Anonymous Symbol]
    systick.o(.ARM.exidx.text.delay_1us) refers to systick.o(.text.delay_1us) for [Anonymous Symbol]
    systick.o(.text.delay_us) refers to ffltui.o(.text) for __aeabi_ui2f
    systick.o(.text.delay_us) refers to fmul.o(.text) for __aeabi_fmul
    systick.o(.text.delay_us) refers to ffixui.o(.text) for __aeabi_f2uiz
    systick.o(.text.delay_us) refers to systick.o(.bss.count_1us) for [Anonymous Symbol]
    systick.o(.ARM.exidx.text.delay_us) refers to systick.o(.text.delay_us) for [Anonymous Symbol]
    systick.o(.text.delay_1ms) refers to ffltui.o(.text) for __aeabi_ui2f
[...]
    .text                                    0x080002c0   Section        0  fcmplt.o(.text)
    .text                                    0x080002dc   Section        0  fcmpge.o(.text)
    .text                                    0x080002f8   Section        0  dcmple.o(.text)
    .text                                    0x08000324   Section        0  dcmpgt.o(.text)
    .text                                    0x08000350   Section        0  fflti.o(.text)
    .text                                    0x08000366   Section        0  ffltui.o(.text)
    .text                                    0x08000374   Section        0  ffixi.o(.text)
    .text                                    0x080003a6   Section        0  ffixui.o(.text)
    .text                                    0x080003ce   Section        0  f2d.o(.text)
    .text                                    0x080003f6   Section        0  uldiv.o(.text)
    .text                                    0x08000456   Section        0  iusefp.o(.text)
    .text                                    0x08000456   Section        0  fepilogue.o(.text)
    .text                                    0x080004d8   Section        0  dadd.o(.text)
    .text                                    0x0800063c   Section        0  dmul.o(.text)
    .text                                    0x0800070c   Section        0  ddiv.o(.text)
    .text                                    0x080007fc   Section        0  dfixul.o(.text)
    .text                                    0x0800083c   Section       40  cdrcmple.o(.text)
    .text                                    0x08000864   Section       48  init.o(.text)
    .text                                    0x08000894   Section        0  uidiv_div0.o(.text)
    .text                                    0x080008d2   Section        0  llshl.o(.text)
    .text                                    0x080008f2   Section        0  llushr.o(.text)
    .text                                    0x08000914   Section        0  llsshr.o(.text)
    .text                                    0x0800093a   Section        0  depilogue.o(.text)
    [Anonymous Symbol]                       0x080009f8   Section        0  adc.o(.text.ADC_DMA_Init)
    __arm_cp.2_0                             0x08000a5c   Number         4  adc.o(.text.ADC_DMA_Init)
    [Anonymous Symbol]                       0x08000a60   Section        0  led.o(.text.CLose_LED)
    __arm_cp.1_0                             0x08000a9c   Number         4  led.o(.text.CLose_LED)
    [Anonymous Symbol]                       0x08000aa0   Section        0  adc.o(.text.DMA_Channel0_IRQHandler)
    [Anonymous Symbol]                       0x08000ad0   Section        0  key.o(.text.EXTI4_15_IRQHandler)
    __arm_cp.3_1                             0x08000c34   Number         4  key.o(.text.EXTI4_15_IRQHandler)
    __arm_cp.3_2                             0x08000c38   Number         4  key.o(.text.EXTI4_15_IRQHandler)
    __arm_cp.3_3                             0x08000c3c   Number         4  key.o(.text.EXTI4_15_IRQHandler)
    [Anonymous Symbol]                       0x08000c40   Section        0  adc.o(.text.Get_ADC_Value)
    __arm_cp.0_0                             0x08000c80   Number         4  adc.o(.text.Get_ADC_Value)
    [Anonymous Symbol]                       0x08000c84   Section        0  gd32e23x_it.o(.text.HardFault_Handler)
    [Anonymous Symbol]                       0x08000c88   Section        0  img.o(.text.IMG_Bootload)
    __arm_cp.0_0                             0x08000d20   Number         4  img.o(.text.IMG_Bootload)
    [Anonymous Symbol]                       0x08000d24   Section        0  adc.o(.text.Init_ADC)
    __arm_cp.1_1                             0x08000db4   Number         4  adc.o(.text.Init_ADC)
    [Anonymous Symbol]                       0x08000db8   Section        0  key.o(.text.Init_EC11_GPIO)
    __arm_cp.1_1                             0x08000e00   Number         4  key.o(.text.Init_EC11_GPIO)
    [Anonymous Symbol]                       0x08000e04   Section        0  freq.o(.text.Init_FreqTimer)
    __arm_cp.0_1                             0x08000eb0   Number         4  freq.o(.text.Init_FreqTimer)
    __arm_cp.0_2                             0x08000eb4   Number         4  freq.o(.text.Init_FreqTimer)
    __arm_cp.0_3                             0x08000eb8   Number         4  freq.o(.text.Init_FreqTimer)
    __arm_cp.0_4                             0x08000ebc   Number         4  freq.o(.text.Init_FreqTimer)
    [Anonymous Symbol]                       0x08000ec0   Section        0  key.o(.text.Init_Key_GPIO)
    __arm_cp.0_0                             0x08000f58   Number         4  key.o(.text.Init_Key_GPIO)
    __arm_cp.0_1                             0x08000f5c   Number         4  key.o(.text.Init_Key_GPIO)
    __arm_cp.0_2                             0x08000f60   Number         4  key.o(.text.Init_Key_GPIO)
    [Anonymous Symbol]                       0x08000f64   Section        0  led.o(.text.Init_LED_GPIO)
    __arm_cp.0_0                             0x08000fc0   Number         4  led.o(.text.Init_LED_GPIO)
    __arm_cp.0_1                             0x08000fc4   Number         4  led.o(.text.Init_LED_GPIO)
    [Anonymous Symbol]                       0x08000fc8   Section        0  main.o(.text.Init_Oscilloscope)
    [Anonymous Symbol]                       0x08001000   Section        0  timer.o(.text.Init_PWM_Output)
    __arm_cp.0_0                             0x080010d0   Number         4  timer.o(.text.Init_PWM_Output)
    __arm_cp.0_1                             0x080010d4   Number         4  timer.o(.text.Init_PWM_Output)
    Init_SPI0_GPIO                           0x080010d9   Thumb Code   128  tft_init.o(.text.Init_SPI0_GPIO)
    [Anonymous Symbol]                       0x080010d8   Section        0  tft_init.o(.text.Init_SPI0_GPIO)
    [Anonymous Symbol]                       0x08001158   Section        0  tft_init.o(.text.Init_SPI0_GPIO16)
    __arm_cp.0_0                             0x080011d8   Number         4  tft_init.o(.text.Init_SPI0_GPIO16)
    __arm_cp.0_1                             0x080011dc   Number         4  tft_init.o(.text.Init_SPI0_GPIO16)
    __arm_cp.0_2                             0x080011e0   Number         4  tft_init.o(.text.Init_SPI0_GPIO16)
    [Anonymous Symbol]                       0x080011e4   Section        0  usart.o(.text.Init_USART)
    __arm_cp.0_0                             0x08001290   Number         4  usart.o(.text.Init_USART)
    __arm_cp.0_1                             0x08001294   Number         4  usart.o(.text.Init_USART)
    __arm_cp.0_2                             0x08001298   Number         4  usart.o(.text.Init_USART)
    [Anonymous Symbol]                       0x0800129c   Section        0  key.o(.text.Key_Handle)
    __arm_cp.2_0                             0x080014e0   Number         4  key.o(.text.Key_Handle)
    __arm_cp.2_2                             0x080014e4   Number         4  key.o(.text.Key_Handle)
    __arm_cp.2_3                             0x080014e8   Number         4  key.o(.text.Key_Handle)
    __arm_cp.2_4                             0x080014ec   Number         4  key.o(.text.Key_Handle)
    __arm_cp.2_5                             0x080014f0   Number         4  key.o(.text.Key_Handle)
    [Anonymous Symbol]                       0x080014f4   Section        0  gd32e23x_it.o(.text.NMI_Handler)
    [Anonymous Symbol]                       0x080014f8   Section        0  led.o(.text.Open_LED)
    __arm_cp.2_0                             0x08001534   Number         4  led.o(.text.Open_LED)
    [Anonymous Symbol]                       0x08001538   Section        0  gd32e23x_it.o(.text.PendSV_Handler)
    SPI0_Write                               0x0800153d   Thumb Code    40  tft_init.o(.text.SPI0_Write)
    [Anonymous Symbol]                       0x0800153c   Section        0  tft_init.o(.text.SPI0_Write)
    __arm_cp.2_0                             0x08001564   Number         4  tft_init.o(.text.SPI0_Write)
    SPI0_Write16                             0x08001569   Thumb Code    40  tft_init.o(.text.SPI0_Write16)
    [Anonymous Symbol]                       0x08001568   Section        0  tft_init.o(.text.SPI0_Write16)
    __arm_cp.5_0                             0x08001590   Number         4  tft_init.o(.text.SPI0_Write16)
    [Anonymous Symbol]                       0x08001594   Section        0  gd32e23x_it.o(.text.SVC_Handler)
    [Anonymous Symbol]                       0x08001598   Section        0  timer.o(.text.Set_Output_Freq)
    [Anonymous Symbol]                       0x080015ac   Section        0  timer.o(.text.Set_Output_PWMComparex)
    __arm_cp.1_0                             0x080015c4   Number         4  timer.o(.text.Set_Output_PWMComparex)
    [Anonymous Symbol]                       0x080015c8   Section        0  gd32e23x_it.o(.text.SysTick_Handler)
    [Anonymous Symbol]                       0x080015cc   Section        0  system_gd32e23x.o(.text.SystemInit)
    __arm_cp.0_0                             0x080016a4   Number         4  system_gd32e23x.o(.text.SystemInit)
    __arm_cp.0_1                             0x080016a8   Number         4  system_gd32e23x.o(.text.SystemInit)
    __arm_cp.0_2                             0x080016ac   Number         4  system_gd32e23x.o(.text.SystemInit)
    __arm_cp.0_3                             0x080016b0   Number         4  system_gd32e23x.o(.text.SystemInit)
    __arm_cp.0_4                             0x080016b4   Number         4  system_gd32e23x.o(.text.SystemInit)
    __arm_cp.0_5                             0x080016b8   Number         4  system_gd32e23x.o(.text.SystemInit)
    __arm_cp.0_6                             0x080016bc   Number         4  system_gd32e23x.o(.text.SystemInit)
    __arm_cp.0_7                             0x080016c0   Number         4  system_gd32e23x.o(.text.SystemInit)
    __arm_cp.0_8                             0x080016c4   Number         4  system_gd32e23x.o(.text.SystemInit)
    [Anonymous Symbol]                       0x080016c8   Section        0  tft_init.o(.text.TFT_Address_Set16)
    [Anonymous Symbol]                       0x0800171a   Section        0  tft.o(.text.TFT_DrawLine)
    [Anonymous Symbol]                       0x08001852   Section        0  tft.o(.text.TFT_DrawPoint)
    [Anonymous Symbol]                       0x0800187e   Section        0  tft.o(.text.TFT_Fill)
    TFT_GPIO_Init                            0x08001911   Thumb Code    56  tft_init.o(.text.TFT_GPIO_Init)
    [Anonymous Symbol]                       0x08001910   Section        0  tft_init.o(.text.TFT_GPIO_Init)
    __arm_cp.11_0                            0x08001948   Number         4  tft_init.o(.text.TFT_GPIO_Init)
    [Anonymous Symbol]                       0x0800194c   Section        0  tft_init.o(.text.TFT_Init)
    __arm_cp.10_0                            0x08001b78   Number         4  tft_init.o(.text.TFT_Init)
    [Anonymous Symbol]                       0x08001b7c   Section        0  tft.o(.text.TFT_ShowChar)
    __arm_cp.6_0                             0x08001d58   Number         4  tft.o(.text.TFT_ShowChar)
    __arm_cp.6_1                             0x08001d5c   Number         4  tft.o(.text.TFT_ShowChar)
    __arm_cp.6_2                             0x08001d60   Number         4  tft.o(.text.TFT_ShowChar)
    [Anonymous Symbol]                       0x08001d64   Section        0  tft.o(.text.TFT_ShowChinese)
    [Anonymous Symbol]                       0x08001e48   Section        0  tft.o(.text.TFT_ShowChinese12x12)
    __arm_cp.9_0                             0x08002030   Number         4  tft.o(.text.TFT_ShowChinese12x12)
    [Anonymous Symbol]                       0x08002034   Section        0  tft.o(.text.TFT_ShowChinese16x16)
    __arm_cp.10_0                            0x0800221c   Number         4  tft.o(.text.TFT_ShowChinese16x16)
    [Anonymous Symbol]                       0x08002220   Section        0  tft.o(.text.TFT_ShowChinese24x24)
    __arm_cp.11_0                            0x08002408   Number         4  tft.o(.text.TFT_ShowChinese24x24)
    [Anonymous Symbol]                       0x0800240c   Section        0  tft.o(.text.TFT_ShowString)
    [Anonymous Symbol]                       0x08002484   Section        0  tft.o(.text.TFT_ShowUI)
    __arm_cp.13_0                            0x080026b8   Number         4  tft.o(.text.TFT_ShowUI)
    __arm_cp.13_1                            0x080026bc   Number         4  tft.o(.text.TFT_ShowUI)
    __arm_cp.13_2                            0x080026c0   Number         4  tft.o(.text.TFT_ShowUI)
    __arm_cp.13_3                            0x080026c4   Number         4  tft.o(.text.TFT_ShowUI)
    __arm_cp.13_4                            0x080026c8   Number         4  tft.o(.text.TFT_ShowUI)
    __arm_cp.13_5                            0x080026cc   Number         4  tft.o(.text.TFT_ShowUI)
    __arm_cp.13_6                            0x080026d0   Number         4  tft.o(.text.TFT_ShowUI)
    __arm_cp.13_7                            0x080026d4   Number         4  tft.o(.text.TFT_ShowUI)
    __arm_cp.13_8                            0x080026d8   Number         4  tft.o(.text.TFT_ShowUI)
    __arm_cp.13_9                            0x080026dc   Number         4  tft.o(.text.TFT_ShowUI)
    __arm_cp.13_10                           0x080026e0   Number         4  tft.o(.text.TFT_ShowUI)
    [Anonymous Symbol]                       0x080026e4   Section        0  tft.o(.text.TFT_StaticUI)
    __arm_cp.12_0                            0x08002988   Number         4  tft.o(.text.TFT_StaticUI)
    __arm_cp.12_1                            0x0800298c   Number         4  tft.o(.text.TFT_StaticUI)
    __arm_cp.12_2                            0x08002990   Number         4  tft.o(.text.TFT_StaticUI)
    __arm_cp.12_3                            0x08002994   Number         4  tft.o(.text.TFT_StaticUI)
    __arm_cp.12_4                            0x08002998   Number         4  tft.o(.text.TFT_StaticUI)
    __arm_cp.12_5                            0x0800299c   Number         4  tft.o(.text.TFT_StaticUI)
    __arm_cp.12_6                            0x080029a0   Number         4  tft.o(.text.TFT_StaticUI)
    __arm_cp.12_7                            0x080029a4   Number         4  tft.o(.text.TFT_StaticUI)
    __arm_cp.12_8                            0x080029a8   Number         4  tft.o(.text.TFT_StaticUI)
    __arm_cp.12_9                            0x080029ac   Number         4  tft.o(.text.TFT_StaticUI)
    [Anonymous Symbol]                       0x080029b0   Section        0  tft_init.o(.text.TFT_WR_DATA16)
    [Anonymous Symbol]                       0x080029dc   Section        0  tft_init.o(.text.TFT_WR_DATA8)
    [Anonymous Symbol]                       0x08002a08   Section        0  tft_init.o(.text.TFT_WR_REG)
    [Anonymous Symbol]                       0x08002a44   Section        0  tft_init.o(.text.TFT_WR_REG16)
    __arm_cp.7_0                             0x08002a80   Number         4  tft_init.o(.text.TFT_WR_REG16)
    [Anonymous Symbol]                       0x08002a84   Section        0  freq.o(.text.TIMER2_IRQHandler)
    __arm_cp.1_0                             0x08002b4c   Number         4  freq.o(.text.TIMER2_IRQHandler)
    __arm_cp.1_1                             0x08002b50   Number         4  freq.o(.text.TIMER2_IRQHandler)
    __arm_cp.1_2                             0x08002b54   Number         4  freq.o(.text.TIMER2_IRQHandler)
    __arm_cp.1_3                             0x08002b58   Number         4  freq.o(.text.TIMER2_IRQHandler)
    __arm_cp.1_4                             0x08002b5c   Number         4  freq.o(.text.TIMER2_IRQHandler)
    __arm_cp.1_5                             0x08002b60   Number         4  freq.o(.text.TIMER2_IRQHandler)
    __arm_cp.1_6                             0x08002b64   Number         4  freq.o(.text.TIMER2_IRQHandler)
    __arm_cp.1_7                             0x08002b68   Number         4  freq.o(.text.TIMER2_IRQHandler)
    __arm_cp.1_8                             0x08002b6c   Number         4  freq.o(.text.TIMER2_IRQHandler)
    __arm_cp.1_9                             0x08002b70   Number         4  freq.o(.text.TIMER2_IRQHandler)
    __NVIC_EnableIRQ                         0x08002b75   Thumb Code    48  gd32e23x_misc.o(.text.__NVIC_EnableIRQ)
    [Anonymous Symbol]                       0x08002b74   Section        0  gd32e23x_misc.o(.text.__NVIC_EnableIRQ)
    __arm_cp.2_0                             0x08002ba4   Number         4  gd32e23x_misc.o(.text.__NVIC_EnableIRQ)
    __NVIC_SetPriority                       0x08002ba9   Thumb Code   124  gd32e23x_misc.o(.text.__NVIC_SetPriority)
    [Anonymous Symbol]                       0x08002ba8   Section        0  gd32e23x_misc.o(.text.__NVIC_SetPriority)
    __arm_cp.1_0                             0x08002c24   Number         4  gd32e23x_misc.o(.text.__NVIC_SetPriority)
    __arm_cp.1_1                             0x08002c28   Number         4  gd32e23x_misc.o(.text.__NVIC_SetPriority)
    [Anonymous Symbol]                       0x08002c2c   Section        0  gd32e23x_adc.o(.text.adc_calibration_enable)
    [Anonymous Symbol]                       0x08002c64   Section        0  gd32e23x_adc.o(.text.adc_channel_length_config)
    __arm_cp.11_0                            0x08002cc4   Number         4  gd32e23x_adc.o(.text.adc_channel_length_config)
    __arm_cp.11_1                            0x08002cc8   Number         4  gd32e23x_adc.o(.text.adc_channel_length_config)
    [Anonymous Symbol]                       0x08002ccc   Section        0  gd32e23x_adc.o(.text.adc_data_alignment_config)
    [Anonymous Symbol]                       0x08002cf8   Section        0  gd32e23x_adc.o(.text.adc_dma_mode_enable)
    [Anonymous Symbol]                       0x08002d08   Section        0  gd32e23x_adc.o(.text.adc_enable)
    [Anonymous Symbol]                       0x08002d20   Section        0  gd32e23x_adc.o(.text.adc_external_trigger_config)
    [Anonymous Symbol]                       0x08002d9c   Section        0  gd32e23x_adc.o(.text.adc_external_trigger_source_config)
    [Anonymous Symbol]                       0x08002dec   Section        0  gd32e23x_adc.o(.text.adc_regular_channel_config)
    __arm_cp.12_0                            0x08002f34   Number         4  gd32e23x_adc.o(.text.adc_regular_channel_config)
    __arm_cp.12_1                            0x08002f38   Number         4  gd32e23x_adc.o(.text.adc_regular_channel_config)
    __arm_cp.12_2                            0x08002f3c   Number         4  gd32e23x_adc.o(.text.adc_regular_channel_config)
    __arm_cp.12_3                            0x08002f40   Number         4  gd32e23x_adc.o(.text.adc_regular_channel_config)
    __arm_cp.12_4                            0x08002f44   Number         4  gd32e23x_adc.o(.text.adc_regular_channel_config)
    [Anonymous Symbol]                       0x08002f48   Section        0  gd32e23x_adc.o(.text.adc_software_trigger_enable)
    __arm_cp.17_0                            0x08002f84   Number         4  gd32e23x_adc.o(.text.adc_software_trigger_enable)
    [Anonymous Symbol]                       0x08002f88   Section        0  gd32e23x_adc.o(.text.adc_special_function_config)
    __arm_cp.9_0                             0x08003034   Number         4  gd32e23x_adc.o(.text.adc_special_function_config)
    __arm_cp.9_1                             0x08003038   Number         4  gd32e23x_adc.o(.text.adc_special_function_config)
    [Anonymous Symbol]                       0x0800303c   Section        0  systick.o(.text.delay_1ms)
    __arm_cp.3_0                             0x080030ac   Number         4  systick.o(.text.delay_1ms)
    __arm_cp.3_1                             0x080030b0   Number         4  systick.o(.text.delay_1ms)
    __arm_cp.3_2                             0x080030b4   Number         4  systick.o(.text.delay_1ms)
    __arm_cp.3_3                             0x080030b8   Number         4  systick.o(.text.delay_1ms)
    [Anonymous Symbol]                       0x080030bc   Section        0  gd32e23x_dma.o(.text.dma_channel_disable)
    [Anonymous Symbol]                       0x080030d8   Section        0  gd32e23x_dma.o(.text.dma_channel_enable)
    [Anonymous Symbol]                       0x080030f4   Section        0  gd32e23x_dma.o(.text.dma_circulation_enable)
    [Anonymous Symbol]                       0x08003110   Section        0  gd32e23x_dma.o(.text.dma_deinit)
    [Anonymous Symbol]                       0x08003168   Section        0  gd32e23x_dma.o(.text.dma_init)
    __arm_cp.2_0                             0x08003274   Number         4  gd32e23x_dma.o(.text.dma_init)
    __arm_cp.2_1                             0x08003278   Number         4  gd32e23x_dma.o(.text.dma_init)
    [Anonymous Symbol]                       0x0800327c   Section        0  gd32e23x_dma.o(.text.dma_interrupt_enable)
    [Anonymous Symbol]                       0x0800329c   Section        0  gd32e23x_dma.o(.text.dma_interrupt_flag_clear)
    __arm_cp.24_0                            0x080032bc   Number         4  gd32e23x_dma.o(.text.dma_interrupt_flag_clear)
    [Anonymous Symbol]                       0x080032c0   Section        0  gd32e23x_dma.o(.text.dma_interrupt_flag_get)
    __arm_cp.23_0                            0x0800337c   Number         4  gd32e23x_dma.o(.text.dma_interrupt_flag_get)
    __arm_cp.23_1                            0x08003380   Number         4  gd32e23x_dma.o(.text.dma_interrupt_flag_get)
    [Anonymous Symbol]                       0x08003384   Section        0  gd32e23x_dma.o(.text.dma_transfer_number_config)
    __arm_cp.11_0                            0x080033a4   Number         4  gd32e23x_dma.o(.text.dma_transfer_number_config)
    [Anonymous Symbol]                       0x080033a8   Section        0  tft.o(.text.drawCurve)
    __arm_cp.5_0                             0x0800349c   Number         4  tft.o(.text.drawCurve)
    __arm_cp.5_1                             0x080034a0   Number         4  tft.o(.text.drawCurve)
    __arm_cp.5_2                             0x080034a4   Number         4  tft.o(.text.drawCurve)
    __arm_cp.5_3                             0x080034a8   Number         4  tft.o(.text.drawCurve)
    [Anonymous Symbol]                       0x080034ac   Section        0  gd32e23x_exti.o(.text.exti_init)
    __arm_cp.1_0                             0x0800357c   Number         4  gd32e23x_exti.o(.text.exti_init)
    __arm_cp.1_1                             0x08003580   Number         4  gd32e23x_exti.o(.text.exti_init)
    __arm_cp.1_2                             0x08003584   Number         4  gd32e23x_exti.o(.text.exti_init)
    __arm_cp.1_3                             0x08003588   Number         4  gd32e23x_exti.o(.text.exti_init)
    [Anonymous Symbol]                       0x0800358c   Section        0  gd32e23x_exti.o(.text.exti_interrupt_flag_clear)
    [Anonymous Symbol]                       0x0800359c   Section        0  gd32e23x_exti.o(.text.exti_interrupt_flag_get)
    __arm_cp.10_0                            0x080035c4   Number         4  gd32e23x_exti.o(.text.exti_interrupt_flag_get)
    [Anonymous Symbol]                       0x080035c8   Section        0  gd32e23x_gpio.o(.text.gpio_af_set)
    [Anonymous Symbol]                       0x08003688   Section        0  gd32e23x_gpio.o(.text.gpio_bit_reset)
    [Anonymous Symbol]                       0x08003698   Section        0  gd32e23x_gpio.o(.text.gpio_bit_set)
    [Anonymous Symbol]                       0x080036a8   Section        0  gd32e23x_gpio.o(.text.gpio_input_bit_get)
    [Anonymous Symbol]                       0x080036d2   Section        0  gd32e23x_gpio.o(.text.gpio_mode_set)
    [Anonymous Symbol]                       0x08003760   Section        0  gd32e23x_gpio.o(.text.gpio_output_options_set)
    [Anonymous Symbol]                       0x080037ec   Section        0  main.o(.text.main)
    __arm_cp.0_0                             0x08003a78   Number         4  main.o(.text.main)
    __arm_cp.0_1                             0x08003a7c   Number         4  main.o(.text.main)
    __arm_cp.0_2                             0x08003a80   Number         4  main.o(.text.main)
    __arm_cp.0_3                             0x08003a84   Number         4  main.o(.text.main)
    __arm_cp.0_4                             0x08003a88   Number         4  main.o(.text.main)
    __arm_cp.0_5                             0x08003a8c   Number         4  main.o(.text.main)
    __arm_cp.0_6                             0x08003a90   Number         4  main.o(.text.main)
    __arm_cp.0_7                             0x08003a94   Number         4  main.o(.text.main)
    [Anonymous Symbol]                       0x08003a98   Section        0  gd32e23x_misc.o(.text.nvic_irq_enable)
    [Anonymous Symbol]                       0x08003ac4   Section        0  gd32e23x_misc.o(.text.nvic_vector_table_set)
    __arm_cp.7_0                             0x08003ae0   Number         4  gd32e23x_misc.o(.text.nvic_vector_table_set)
    __arm_cp.7_1                             0x08003ae4   Number         4  gd32e23x_misc.o(.text.nvic_vector_table_set)
    [Anonymous Symbol]                       0x08003ae8   Section        0  gd32e23x_rcu.o(.text.rcu_adc_clock_config)
    __arm_cp.14_0                            0x08003c68   Number         4  gd32e23x_rcu.o(.text.rcu_adc_clock_config)
    __arm_cp.14_1                            0x08003c6c   Number         4  gd32e23x_rcu.o(.text.rcu_adc_clock_config)
    __arm_cp.14_2                            0x08003c70   Number         4  gd32e23x_rcu.o(.text.rcu_adc_clock_config)
    [Anonymous Symbol]                       0x08003c74   Section        0  gd32e23x_rcu.o(.text.rcu_clock_freq_get)
    __arm_cp.33_0                            0x08003f48   Number         4  gd32e23x_rcu.o(.text.rcu_clock_freq_get)
    __arm_cp.33_1                            0x08003f4c   Number         4  gd32e23x_rcu.o(.text.rcu_clock_freq_get)
    __arm_cp.33_2                            0x08003f50   Number         4  gd32e23x_rcu.o(.text.rcu_clock_freq_get)
    __arm_cp.33_3                            0x08003f54   Number         4  gd32e23x_rcu.o(.text.rcu_clock_freq_get)
    __arm_cp.33_4                            0x08003f58   Number         4  gd32e23x_rcu.o(.text.rcu_clock_freq_get)
    __arm_cp.33_5                            0x08003f5c   Number         4  gd32e23x_rcu.o(.text.rcu_clock_freq_get)
    __arm_cp.33_6                            0x08003f60   Number         4  gd32e23x_rcu.o(.text.rcu_clock_freq_get)
    __arm_cp.33_7                            0x08003f64   Number         4  gd32e23x_rcu.o(.text.rcu_clock_freq_get)
    __arm_cp.33_8                            0x08003f68   Number         4  gd32e23x_rcu.o(.text.rcu_clock_freq_get)
    [Anonymous Symbol]                       0x08003f6c   Section        0  gd32e23x_rcu.o(.text.rcu_periph_clock_enable)
    [Anonymous Symbol]                       0x08003f90   Section        0  gd32e23x_rcu.o(.text.rcu_periph_reset_disable)
    [Anonymous Symbol]                       0x08003fb4   Section        0  gd32e23x_rcu.o(.text.rcu_periph_reset_enable)
    __arm_cp.5_0                             0x08003fd8   Number         4  gd32e23x_rcu.o(.text.rcu_periph_reset_enable)
    [Anonymous Symbol]                       0x08003fdc   Section        0  gd32e23x_spi.o(.text.spi_enable)
    [Anonymous Symbol]                       0x08003ff0   Section        0  gd32e23x_spi.o(.text.spi_i2s_data_transmit)
    [Anonymous Symbol]                       0x0800403c   Section        0  gd32e23x_spi.o(.text.spi_i2s_deinit)
    __arm_cp.0_2                             0x08004080   Number         4  gd32e23x_spi.o(.text.spi_i2s_deinit)
    [Anonymous Symbol]                       0x08004084   Section        0  gd32e23x_spi.o(.text.spi_i2s_flag_get)
    __arm_cp.41_0                            0x08004100   Number         4  gd32e23x_spi.o(.text.spi_i2s_flag_get)
    [Anonymous Symbol]                       0x08004104   Section        0  gd32e23x_spi.o(.text.spi_init)
    __arm_cp.2_0                             0x08004234   Number         4  gd32e23x_spi.o(.text.spi_init)
    __arm_cp.2_1                             0x08004238   Number         4  gd32e23x_spi.o(.text.spi_init)
    [Anonymous Symbol]                       0x0800423c   Section        0  gd32e23x_spi.o(.text.spi_struct_para_init)
    [Anonymous Symbol]                       0x08004268   Section        0  gd32e23x_syscfg.o(.text.syscfg_exti_line_config)
    __arm_cp.5_0                             0x0800430c   Number         4  gd32e23x_syscfg.o(.text.syscfg_exti_line_config)
    __arm_cp.5_1                             0x08004310   Number         4  gd32e23x_syscfg.o(.text.syscfg_exti_line_config)
    __arm_cp.5_2                             0x08004314   Number         4  gd32e23x_syscfg.o(.text.syscfg_exti_line_config)
    __arm_cp.5_3                             0x08004318   Number         4  gd32e23x_syscfg.o(.text.syscfg_exti_line_config)
    system_clock_72m_hxtal                   0x0800431d   Thumb Code   208  system_gd32e23x.o(.text.system_clock_72m_hxtal)
    [Anonymous Symbol]                       0x0800431c   Section        0  system_gd32e23x.o(.text.system_clock_72m_hxtal)
    __arm_cp.3_0                             0x080043ec   Number         4  system_gd32e23x.o(.text.system_clock_72m_hxtal)
    __arm_cp.3_1                             0x080043f0   Number         4  system_gd32e23x.o(.text.system_clock_72m_hxtal)
    __arm_cp.3_2                             0x080043f4   Number         4  system_gd32e23x.o(.text.system_clock_72m_hxtal)
    __arm_cp.3_3                             0x080043f8   Number         4  system_gd32e23x.o(.text.system_clock_72m_hxtal)
    __arm_cp.3_4                             0x080043fc   Number         4  system_gd32e23x.o(.text.system_clock_72m_hxtal)
    system_clock_config                      0x08004401   Thumb Code     8  system_gd32e23x.o(.text.system_clock_config)
    [Anonymous Symbol]                       0x08004400   Section        0  system_gd32e23x.o(.text.system_clock_config)
    [Anonymous Symbol]                       0x08004408   Section        0  gd32e23x_misc.o(.text.systick_clksource_set)
    __arm_cp.10_0                            0x08004430   Number         4  gd32e23x_misc.o(.text.systick_clksource_set)
    [Anonymous Symbol]                       0x08004434   Section        0  systick.o(.text.systick_config)
    __arm_cp.0_0                             0x08004460   Number         4  systick.o(.text.systick_config)
    __arm_cp.0_1                             0x08004464   Number         4  systick.o(.text.systick_config)
    __arm_cp.0_2                             0x08004468   Number         4  systick.o(.text.systick_config)
    __arm_cp.0_3                             0x0800446c   Number         4  systick.o(.text.systick_config)
    __arm_cp.0_4                             0x08004470   Number         4  systick.o(.text.systick_config)
    [Anonymous Symbol]                       0x08004474   Section        0  gd32e23x_timer.o(.text.timer_auto_reload_shadow_enable)
    [Anonymous Symbol]                       0x08004486   Section        0  gd32e23x_timer.o(.text.timer_autoreload_value_config)
    [Anonymous Symbol]                       0x08004498   Section        0  gd32e23x_timer.o(.text.timer_channel_capture_value_register_read)
    [Anonymous Symbol]                       0x080044f0   Section        0  gd32e23x_timer.o(.text.timer_channel_input_capture_prescaler_config)
    [Anonymous Symbol]                       0x0800458e   Section        0  gd32e23x_timer.o(.text.timer_channel_input_struct_para_init)
    [Anonymous Symbol]                       0x080045ac   Section        0  gd32e23x_timer.o(.text.timer_channel_output_config)
    __arm_cp.42_0                            0x08004890   Number         4  gd32e23x_timer.o(.text.timer_channel_output_config)
    __arm_cp.42_1                            0x08004894   Number         4  gd32e23x_timer.o(.text.timer_channel_output_config)
    __arm_cp.42_2                            0x08004898   Number         4  gd32e23x_timer.o(.text.timer_channel_output_config)
    __arm_cp.42_3                            0x0800489c   Number         4  gd32e23x_timer.o(.text.timer_channel_output_config)
    [Anonymous Symbol]                       0x080048a0   Section        0  gd32e23x_timer.o(.text.timer_channel_output_mode_config)
    [Anonymous Symbol]                       0x08004940   Section        0  gd32e23x_timer.o(.text.timer_channel_output_pulse_value_config)
    [Anonymous Symbol]                       0x08004994   Section        0  gd32e23x_timer.o(.text.timer_channel_output_shadow_config)
    [Anonymous Symbol]                       0x08004a32   Section        0  gd32e23x_timer.o(.text.timer_channel_output_struct_para_init)
    [Anonymous Symbol]                       0x08004a54   Section        0  gd32e23x_timer.o(.text.timer_deinit)
    __arm_cp.0_1                             0x08004b1c   Number         4  gd32e23x_timer.o(.text.timer_deinit)
    __arm_cp.0_3                             0x08004b20   Number         4  gd32e23x_timer.o(.text.timer_deinit)
    __arm_cp.0_4                             0x08004b24   Number         4  gd32e23x_timer.o(.text.timer_deinit)
    __arm_cp.0_7                             0x08004b28   Number         4  gd32e23x_timer.o(.text.timer_deinit)
    __arm_cp.0_8                             0x08004b2c   Number         4  gd32e23x_timer.o(.text.timer_deinit)
    __arm_cp.0_9                             0x08004b30   Number         4  gd32e23x_timer.o(.text.timer_deinit)
    __arm_cp.0_10                            0x08004b34   Number         4  gd32e23x_timer.o(.text.timer_deinit)
    __arm_cp.0_11                            0x08004b38   Number         4  gd32e23x_timer.o(.text.timer_deinit)
    [Anonymous Symbol]                       0x08004b3c   Section        0  gd32e23x_timer.o(.text.timer_disable)
    [Anonymous Symbol]                       0x08004b4e   Section        0  gd32e23x_timer.o(.text.timer_enable)
    [Anonymous Symbol]                       0x08004b60   Section        0  gd32e23x_timer.o(.text.timer_init)
    __arm_cp.2_0                             0x08004c44   Number         4  gd32e23x_timer.o(.text.timer_init)
    __arm_cp.2_1                             0x08004c48   Number         4  gd32e23x_timer.o(.text.timer_init)
    __arm_cp.2_2                             0x08004c4c   Number         4  gd32e23x_timer.o(.text.timer_init)
    __arm_cp.2_3                             0x08004c50   Number         4  gd32e23x_timer.o(.text.timer_init)
    __arm_cp.2_4                             0x08004c54   Number         4  gd32e23x_timer.o(.text.timer_init)
    __arm_cp.2_5                             0x08004c58   Number         4  gd32e23x_timer.o(.text.timer_init)
    [Anonymous Symbol]                       0x08004c5c   Section        0  gd32e23x_timer.o(.text.timer_input_capture_config)
    [Anonymous Symbol]                       0x08004e1a   Section        0  gd32e23x_timer.o(.text.timer_interrupt_enable)
    [Anonymous Symbol]                       0x08004e2e   Section        0  gd32e23x_timer.o(.text.timer_interrupt_flag_clear)
    [Anonymous Symbol]                       0x08004e40   Section        0  gd32e23x_timer.o(.text.timer_interrupt_flag_get)
    [Anonymous Symbol]                       0x08004e7a   Section        0  gd32e23x_timer.o(.text.timer_primary_output_config)
    [Anonymous Symbol]                       0x08004eac   Section        0  gd32e23x_timer.o(.text.timer_struct_para_init)
    __arm_cp.1_0                             0x08004ed0   Number         4  gd32e23x_timer.o(.text.timer_struct_para_init)
    [Anonymous Symbol]                       0x08004ed4   Section        0  gd32e23x_usart.o(.text.usart_baudrate_set)
    __arm_cp.1_2                             0x08004f80   Number         4  gd32e23x_usart.o(.text.usart_baudrate_set)
    [Anonymous Symbol]                       0x08004f84   Section        0  gd32e23x_usart.o(.text.usart_deinit)
    __arm_cp.0_0                             0x08004fc8   Number         4  gd32e23x_usart.o(.text.usart_deinit)
    __arm_cp.0_1                             0x08004fcc   Number         4  gd32e23x_usart.o(.text.usart_deinit)
    __arm_cp.0_2                             0x08004fd0   Number         4  gd32e23x_usart.o(.text.usart_deinit)
    __arm_cp.0_3                             0x08004fd4   Number         4  gd32e23x_usart.o(.text.usart_deinit)
    [Anonymous Symbol]                       0x08004fd8   Section        0  gd32e23x_usart.o(.text.usart_enable)
    [Anonymous Symbol]                       0x08004fea   Section        0  gd32e23x_usart.o(.text.usart_parity_config)
    [Anonymous Symbol]                       0x08005014   Section        0  gd32e23x_usart.o(.text.usart_receive_config)
    [Anonymous Symbol]                       0x08005032   Section        0  gd32e23x_usart.o(.text.usart_stop_bit_set)
    [Anonymous Symbol]                       0x0800505c   Section        0  gd32e23x_usart.o(.text.usart_transmit_config)
    [Anonymous Symbol]                       0x0800507a   Section        0  gd32e23x_usart.o(.text.usart_word_length_set)
    i.__0sprintf                             0x080050a4   Section        0  printfa.o(i.__0sprintf)
    i.__ARM_clz                              0x080050cc   Section        0  depilogue.o(i.__ARM_clz)
    i.__scatterload_copy                     0x080050fa   Section       14  handlers.o(i.__scatterload_copy)
    i.__scatterload_null                     0x08005108   Section        2  handlers.o(i.__scatterload_null)
    i.__scatterload_zeroinit                 0x0800510a   Section       14  handlers.o(i.__scatterload_zeroinit)
    _fp_digits                               0x08005119   Thumb Code   344  printfa.o(i._fp_digits)
    i._fp_digits                             0x08005118   Section        0  printfa.o(i._fp_digits)
    _printf_core                             0x0800528d   Thumb Code  1754  printfa.o(i._printf_core)
    i._printf_core                           0x0800528c   Section        0  printfa.o(i._printf_core)
    _printf_post_padding                     0x08005979   Thumb Code    32  printfa.o(i._printf_post_padding)
    i._printf_post_padding                   0x08005978   Section        0  printfa.o(i._printf_post_padding)
    _printf_pre_padding                      0x08005999   Thumb Code    44  printfa.o(i._printf_pre_padding)
    i._printf_pre_padding                    0x08005998   Section        0  printfa.o(i._printf_pre_padding)
    _sputc                                   0x080059c5   Thumb Code    10  printfa.o(i._sputc)
    i._sputc                                 0x080059c4   Section        0  printfa.o(i._sputc)
    [Anonymous Symbol]                       0x0800c602   Section        0  tft.o(.rodata.str1.1)
    firstPoint                               0x20000004   Data           1  tft.o(.data.firstPoint)
    [Anonymous Symbol]                       0x20000004   Section        0  tft.o(.data.firstPoint)
    EXTI4_15_IRQHandler.anticlockwiseNum     0x20000008   Data           1  key.o(.bss.EXTI4_15_IRQHandler.anticlockwiseNum)
    [Anonymous Symbol]                       0x20000008   Section        0  key.o(.bss.EXTI4_15_IRQHandler.anticlockwiseNum)
    EXTI4_15_IRQHandler.clockwiseNum         0x20000009   Data           1  key.o(.bss.EXTI4_15_IRQHandler.clockwiseNum)
    [Anonymous Symbol]                       0x20000009   Section        0  key.o(.bss.EXTI4_15_IRQHandler.clockwiseNum)
    count_1ms                                0x20000268   Data           4  systick.o(.bss.count_1ms)
    [Anonymous Symbol]                       0x20000268   Section        0  systick.o(.bss.count_1ms)
    count_1us                                0x2000026c   Data           4  systick.o(.bss.count_1us)
    [Anonymous Symbol]                       0x2000026c   Section        0  systick.o(.bss.count_1us)
    lastX                                    0x20000274   Data           2  tft.o(.bss.lastX)
    [Anonymous Symbol]                       0x20000274   Section        0  tft.o(.bss.lastX)
    lastY                                    0x20000276   Data           2  tft.o(.bss.lastY)
    [Anonymous Symbol]                       0x20000276   Section        0  tft.o(.bss.lastY)
    STACK                                    0x20000748   Section     1536  startup_gd32e23x.o(STACK)

    Global Symbols

    Symbol Name                              Value     Ov Type        Size  Object(Section)

    BuildAttributes$$THM_ISAv3M$S$8M$PE$A:L22$X:L11$S22$IEEE1$IW$~IW$USESV6$~STKCKD$USESV7$~SHL$OTIME$ROPI$EBA8$MICROLIB$REQ8$PRES8$EABIv2 0x00000000   Number         0  anon$$obj.o ABSOLUTE
    __cpp_initialize__aeabi_                  - Undefined Weak Reference
    __cxa_finalize                            - Undefined Weak Reference
    __decompress                              - Undefined Weak Reference
    _clock_init                               - Undefined Weak Reference
    _microlib_exit                            - Undefined Weak Reference
    __Vectors_Size                           0x000000cc   Number         0  startup_gd32e23x.o ABSOLUTE
    __Vectors                                0x08000000   Data           4  startup_gd32e23x.o(RESET)
    __Vectors_End                            0x080000cc   Data           0  startup_gd32e23x.o(RESET)
    __main                                   0x080000cd   Thumb Code     0  entry.o(.ARM.Collect$$$$00000000)
    _main_stk                                0x080000cd   Thumb Code     0  entry2.o(.ARM.Collect$$$$00000001)
    _main_scatterload                        0x080000d1   Thumb Code     0  entry5.o(.ARM.Collect$$$$00000004)
    __main_after_scatterload                 0x080000d5   Thumb Code     0  entry5.o(.ARM.Collect$$$$00000004)
    _main_clock                              0x080000d5   Thumb Code     0  entry7b.o(.ARM.Collect$$$$00000008)
    _main_cpp_init                           0x080000d5   Thumb Code     0  entry8b.o(.ARM.Collect$$$$0000000A)
    _main_init                               0x080000d5   Thumb Code     0  entry9a.o(.ARM.Collect$$$$0000000B)
    __rt_final_cpp                           0x080000dd   Thumb Code     0  entry10a.o(.ARM.Collect$$$$0000000D)
    __rt_final_exit                          0x080000dd   Thumb Code     0  entry11a.o(.ARM.Collect$$$$0000000F)
    Reset_Handler                            0x080000e1   Thumb Code     8  startup_gd32e23x.o(.text)
    ADC_CMP_IRQHandler                       0x080000f3   Thumb Code     0  startup_gd32e23x.o(.text)
    DMA_Channel1_2_IRQHandler                0x080000f3   Thumb Code     0  startup_gd32e23x.o(.text)
    DMA_Channel3_4_IRQHandler                0x080000f3   Thumb Code     0  startup_gd32e23x.o(.text)
    EXTI0_1_IRQHandler                       0x080000f3   Thumb Code     0  startup_gd32e23x.o(.text)
    EXTI2_3_IRQHandler                       0x080000f3   Thumb Code     0  startup_gd32e23x.o(.text)
    FMC_IRQHandler                           0x080000f3   Thumb Code     0  startup_gd32e23x.o(.text)
    I2C0_ER_IRQHandler                       0x080000f3   Thumb Code     0  startup_gd32e23x.o(.text)
    I2C0_EV_IRQHandler                       0x080000f3   Thumb Code     0  startup_gd32e23x.o(.text)
    I2C1_ER_IRQHandler                       0x080000f3   Thumb Code     0  startup_gd32e23x.o(.text)
    I2C1_EV_IRQHandler                       0x080000f3   Thumb Code     0  startup_gd32e23x.o(.text)
    LVD_IRQHandler                           0x080000f3   Thumb Code     0  startup_gd32e23x.o(.text)
    RCU_IRQHandler                           0x080000f3   Thumb Code     0  startup_gd32e23x.o(.text)
    RTC_IRQHandler                           0x080000f3   Thumb Code     0  startup_gd32e23x.o(.text)
    SPI0_IRQHandler                          0x080000f3   Thumb Code     0  startup_gd32e23x.o(.text)
    SPI1_IRQHandler                          0x080000f3   Thumb Code     0  startup_gd32e23x.o(.text)
    TIMER0_BRK_UP_TRG_COM_IRQHandler         0x080000f3   Thumb Code     0  startup_gd32e23x.o(.text)
    TIMER0_Channel_IRQHandler                0x080000f3   Thumb Code     0  startup_gd32e23x.o(.text)
    TIMER13_IRQHandler                       0x080000f3   Thumb Code     0  startup_gd32e23x.o(.text)
    TIMER14_IRQHandler                       0x080000f3   Thumb Code     0  startup_gd32e23x.o(.text)
    TIMER15_IRQHandler                       0x080000f3   Thumb Code     0  startup_gd32e23x.o(.text)
    TIMER16_IRQHandler                       0x080000f3   Thumb Code     0  startup_gd32e23x.o(.text)
    TIMER5_IRQHandler                        0x080000f3   Thumb Code     0  startup_gd32e23x.o(.text)
    USART0_IRQHandler                        0x080000f3   Thumb Code     0  startup_gd32e23x.o(.text)
    USART1_IRQHandler                        0x080000f3   Thumb Code     0  startup_gd32e23x.o(.text)
    WWDGT_IRQHandler                         0x080000f3   Thumb Code     0  startup_gd32e23x.o(.text)
    __aeabi_fadd                             0x080000fd   Thumb Code   162  fadd.o(.text)
    __aeabi_fsub                             0x0800019f   Thumb Code     8  fadd.o(.text)
    __aeabi_frsub                            0x080001a7   Thumb Code     8  fadd.o(.text)
    __aeabi_fmul                             0x080001af   Thumb Code   122  fmul.o(.text)
    __aeabi_fdiv                             0x08000229   Thumb Code   124  fdiv.o(.text)
    __aeabi_fcmple                           0x080002a5   Thumb Code    28  fcmple.o(.text)
    __aeabi_fcmplt                           0x080002c1   Thumb Code    28  fcmplt.o(.text)
    __aeabi_fcmpge                           0x080002dd   Thumb Code    28  fcmpge.o(.text)
    __aeabi_dcmple                           0x080002f9   Thumb Code    44  dcmple.o(.text)
    __aeabi_dcmpgt                           0x08000325   Thumb Code    44  dcmpgt.o(.text)
    __aeabi_i2f                              0x08000351   Thumb Code    22  fflti.o(.text)
    __aeabi_ui2f                             0x08000367   Thumb Code    14  ffltui.o(.text)
    __aeabi_f2iz                             0x08000375   Thumb Code    50  ffixi.o(.text)
    __aeabi_f2uiz                            0x080003a7   Thumb Code    40  ffixui.o(.text)
    __aeabi_f2d                              0x080003cf   Thumb Code    40  f2d.o(.text)
    __aeabi_uldivmod                         0x080003f7   Thumb Code    96  uldiv.o(.text)
    __I$use$fp                               0x08000457   Thumb Code     0  iusefp.o(.text)
    _float_round                             0x08000457   Thumb Code    16  fepilogue.o(.text)
    _float_epilogue                          0x08000467   Thumb Code   114  fepilogue.o(.text)
    __aeabi_dadd                             0x080004d9   Thumb Code   328  dadd.o(.text)
    __aeabi_dsub                             0x08000621   Thumb Code    12  dadd.o(.text)
    __aeabi_drsub                            0x0800062d   Thumb Code    12  dadd.o(.text)
    __aeabi_dmul                             0x0800063d   Thumb Code   202  dmul.o(.text)
    __aeabi_ddiv                             0x0800070d   Thumb Code   234  ddiv.o(.text)
    __aeabi_d2ulz                            0x080007fd   Thumb Code    54  dfixul.o(.text)
    __aeabi_cdrcmple                         0x0800083d   Thumb Code    38  cdrcmple.o(.text)
    __scatterload                            0x08000865   Thumb Code    38  init.o(.text)
    __scatterload_rt2                        0x08000865   Thumb Code     0  init.o(.text)
    __aeabi_uidiv$div0                       0x08000895   Thumb Code     0  uidiv_div0.o(.text)
    __aeabi_uidivmod                         0x08000895   Thumb Code    62  uidiv_div0.o(.text)
    __aeabi_llsl                             0x080008d3   Thumb Code    32  llshl.o(.text)
    _ll_shift_l                              0x080008d3   Thumb Code     0  llshl.o(.text)
    __aeabi_llsr                             0x080008f3   Thumb Code    34  llushr.o(.text)
    _ll_ushift_r                             0x080008f3   Thumb Code     0  llushr.o(.text)
    __aeabi_lasr                             0x08000915   Thumb Code    38  llsshr.o(.text)
    _ll_sshift_r                             0x08000915   Thumb Code     0  llsshr.o(.text)
    _double_round                            0x0800093b   Thumb Code    26  depilogue.o(.text)
    _double_epilogue                         0x08000955   Thumb Code   164  depilogue.o(.text)
    ADC_DMA_Init                             0x080009f9   Thumb Code   100  adc.o(.text.ADC_DMA_Init)
    CLose_LED                                0x08000a61   Thumb Code    60  led.o(.text.CLose_LED)
    DMA_Channel0_IRQHandler                  0x08000aa1   Thumb Code    48  adc.o(.text.DMA_Channel0_IRQHandler)
    EXTI4_15_IRQHandler                      0x08000ad1   Thumb Code   356  key.o(.text.EXTI4_15_IRQHandler)
    Get_ADC_Value                            0x08000c41   Thumb Code    64  adc.o(.text.Get_ADC_Value)
    HardFault_Handler                        0x08000c85   Thumb Code     4  gd32e23x_it.o(.text.HardFault_Handler)
    IMG_Bootload                             0x08000c89   Thumb Code   152  img.o(.text.IMG_Bootload)
    Init_ADC                                 0x08000d25   Thumb Code   144  adc.o(.text.Init_ADC)
    Init_EC11_GPIO                           0x08000db9   Thumb Code    72  key.o(.text.Init_EC11_GPIO)
    Init_FreqTimer                           0x08000e05   Thumb Code   172  freq.o(.text.Init_FreqTimer)
    Init_Key_GPIO                            0x08000ec1   Thumb Code   152  key.o(.text.Init_Key_GPIO)
    Init_LED_GPIO                            0x08000f65   Thumb Code    92  led.o(.text.Init_LED_GPIO)
    Init_Oscilloscope                        0x08000fc9   Thumb Code    56  main.o(.text.Init_Oscilloscope)
    Init_PWM_Output                          0x08001001   Thumb Code   208  timer.o(.text.Init_PWM_Output)
    Init_SPI0_GPIO16                         0x08001159   Thumb Code   128  tft_init.o(.text.Init_SPI0_GPIO16)
    Init_USART                               0x080011e5   Thumb Code   172  usart.o(.text.Init_USART)
    Key_Handle                               0x0800129d   Thumb Code   580  key.o(.text.Key_Handle)
    NMI_Handler                              0x080014f5   Thumb Code     2  gd32e23x_it.o(.text.NMI_Handler)
    Open_LED                                 0x080014f9   Thumb Code    60  led.o(.text.Open_LED)
    PendSV_Handler                           0x08001539   Thumb Code     2  gd32e23x_it.o(.text.PendSV_Handler)
    SVC_Handler                              0x08001595   Thumb Code     2  gd32e23x_it.o(.text.SVC_Handler)
    Set_Output_Freq                          0x08001599   Thumb Code    20  timer.o(.text.Set_Output_Freq)
    Set_Output_PWMComparex                   0x080015ad   Thumb Code    24  timer.o(.text.Set_Output_PWMComparex)
    SysTick_Handler                          0x080015c9   Thumb Code     2  gd32e23x_it.o(.text.SysTick_Handler)
    SystemInit                               0x080015cd   Thumb Code   216  system_gd32e23x.o(.text.SystemInit)
    TFT_Address_Set16                        0x080016c9   Thumb Code    82  tft_init.o(.text.TFT_Address_Set16)
    TFT_DrawLine                             0x0800171b   Thumb Code   312  tft.o(.text.TFT_DrawLine)
    TFT_DrawPoint                            0x08001853   Thumb Code    44  tft.o(.text.TFT_DrawPoint)
    TFT_Fill                                 0x0800187f   Thumb Code   144  tft.o(.text.TFT_Fill)
    TFT_Init                                 0x0800194d   Thumb Code   556  tft_init.o(.text.TFT_Init)
    TFT_ShowChar                             0x08001b7d   Thumb Code   476  tft.o(.text.TFT_ShowChar)
    TFT_ShowChinese                          0x08001d65   Thumb Code   226  tft.o(.text.TFT_ShowChinese)
    TFT_ShowChinese12x12                     0x08001e49   Thumb Code   488  tft.o(.text.TFT_ShowChinese12x12)
    TFT_ShowChinese16x16                     0x08002035   Thumb Code   488  tft.o(.text.TFT_ShowChinese16x16)
    TFT_ShowChinese24x24                     0x08002221   Thumb Code   488  tft.o(.text.TFT_ShowChinese24x24)
    TFT_ShowString                           0x0800240d   Thumb Code   120  tft.o(.text.TFT_ShowString)
    TFT_ShowUI                               0x08002485   Thumb Code   564  tft.o(.text.TFT_ShowUI)
    TFT_StaticUI                             0x080026e5   Thumb Code   676  tft.o(.text.TFT_StaticUI)
    TFT_WR_DATA16                            0x080029b1   Thumb Code    44  tft_init.o(.text.TFT_WR_DATA16)
    TFT_WR_DATA8                             0x080029dd   Thumb Code    44  tft_init.o(.text.TFT_WR_DATA8)
    TFT_WR_REG                               0x08002a09   Thumb Code    60  tft_init.o(.text.TFT_WR_REG)
    TFT_WR_REG16                             0x08002a45   Thumb Code    60  tft_init.o(.text.TFT_WR_REG16)
    TIMER2_IRQHandler                        0x08002a85   Thumb Code   200  freq.o(.text.TIMER2_IRQHandler)
    adc_calibration_enable                   0x08002c2d   Thumb Code    56  gd32e23x_adc.o(.text.adc_calibration_enable)
    adc_channel_length_config                0x08002c65   Thumb Code    96  gd32e23x_adc.o(.text.adc_channel_length_config)
    adc_data_alignment_config                0x08002ccd   Thumb Code    44  gd32e23x_adc.o(.text.adc_data_alignment_config)
    adc_dma_mode_enable                      0x08002cf9   Thumb Code    16  gd32e23x_adc.o(.text.adc_dma_mode_enable)
    adc_enable                               0x08002d09   Thumb Code    24  gd32e23x_adc.o(.text.adc_enable)
    adc_external_trigger_config              0x08002d21   Thumb Code   124  gd32e23x_adc.o(.text.adc_external_trigger_config)
    adc_external_trigger_source_config       0x08002d9d   Thumb Code    80  gd32e23x_adc.o(.text.adc_external_trigger_source_config)
    adc_regular_channel_config               0x08002ded   Thumb Code   328  gd32e23x_adc.o(.text.adc_regular_channel_config)
    adc_software_trigger_enable              0x08002f49   Thumb Code    60  gd32e23x_adc.o(.text.adc_software_trigger_enable)
    adc_special_function_config              0x08002f89   Thumb Code   172  gd32e23x_adc.o(.text.adc_special_function_config)
    delay_1ms                                0x0800303d   Thumb Code   112  systick.o(.text.delay_1ms)
    dma_channel_disable                      0x080030bd   Thumb Code    28  gd32e23x_dma.o(.text.dma_channel_disable)
    dma_channel_enable                       0x080030d9   Thumb Code    28  gd32e23x_dma.o(.text.dma_channel_enable)
    dma_circulation_enable                   0x080030f5   Thumb Code    28  gd32e23x_dma.o(.text.dma_circulation_enable)
    dma_deinit                               0x08003111   Thumb Code    88  gd32e23x_dma.o(.text.dma_deinit)
    dma_init                                 0x08003169   Thumb Code   268  gd32e23x_dma.o(.text.dma_init)
    dma_interrupt_enable                     0x0800327d   Thumb Code    32  gd32e23x_dma.o(.text.dma_interrupt_enable)
    dma_interrupt_flag_clear                 0x0800329d   Thumb Code    32  gd32e23x_dma.o(.text.dma_interrupt_flag_clear)
    dma_interrupt_flag_get                   0x080032c1   Thumb Code   188  gd32e23x_dma.o(.text.dma_interrupt_flag_get)
    dma_transfer_number_config               0x08003385   Thumb Code    32  gd32e23x_dma.o(.text.dma_transfer_number_config)
    drawCurve                                0x080033a9   Thumb Code   244  tft.o(.text.drawCurve)
    exti_init                                0x080034ad   Thumb Code   208  gd32e23x_exti.o(.text.exti_init)
    exti_interrupt_flag_clear                0x0800358d   Thumb Code    16  gd32e23x_exti.o(.text.exti_interrupt_flag_clear)
    exti_interrupt_flag_get                  0x0800359d   Thumb Code    40  gd32e23x_exti.o(.text.exti_interrupt_flag_get)
    gpio_af_set                              0x080035c9   Thumb Code   192  gd32e23x_gpio.o(.text.gpio_af_set)
    gpio_bit_reset                           0x08003689   Thumb Code    16  gd32e23x_gpio.o(.text.gpio_bit_reset)
    gpio_bit_set                             0x08003699   Thumb Code    16  gd32e23x_gpio.o(.text.gpio_bit_set)
    gpio_input_bit_get                       0x080036a9   Thumb Code    42  gd32e23x_gpio.o(.text.gpio_input_bit_get)
    gpio_mode_set                            0x080036d3   Thumb Code   142  gd32e23x_gpio.o(.text.gpio_mode_set)
    gpio_output_options_set                  0x08003761   Thumb Code   138  gd32e23x_gpio.o(.text.gpio_output_options_set)
    main                                     0x080037ed   Thumb Code   652  main.o(.text.main)
    nvic_irq_enable                          0x08003a99   Thumb Code    44  gd32e23x_misc.o(.text.nvic_irq_enable)
    nvic_vector_table_set                    0x08003ac5   Thumb Code    28  gd32e23x_misc.o(.text.nvic_vector_table_set)
    rcu_adc_clock_config                     0x08003ae9   Thumb Code   384  gd32e23x_rcu.o(.text.rcu_adc_clock_config)
    rcu_clock_freq_get                       0x08003c75   Thumb Code   724  gd32e23x_rcu.o(.text.rcu_clock_freq_get)
    rcu_periph_clock_enable                  0x08003f6d   Thumb Code    36  gd32e23x_rcu.o(.text.rcu_periph_clock_enable)
    rcu_periph_reset_disable                 0x08003f91   Thumb Code    36  gd32e23x_rcu.o(.text.rcu_periph_reset_disable)
    rcu_periph_reset_enable                  0x08003fb5   Thumb Code    36  gd32e23x_rcu.o(.text.rcu_periph_reset_enable)
    spi_enable                               0x08003fdd   Thumb Code    18  gd32e23x_spi.o(.text.spi_enable)
    spi_i2s_data_transmit                    0x08003ff1   Thumb Code    76  gd32e23x_spi.o(.text.spi_i2s_data_transmit)
    spi_i2s_deinit                           0x0800403d   Thumb Code    68  gd32e23x_spi.o(.text.spi_i2s_deinit)
    spi_i2s_flag_get                         0x08004085   Thumb Code   124  gd32e23x_spi.o(.text.spi_i2s_flag_get)
    spi_init                                 0x08004105   Thumb Code   304  gd32e23x_spi.o(.text.spi_init)
    spi_struct_para_init                     0x0800423d   Thumb Code    42  gd32e23x_spi.o(.text.spi_struct_para_init)
    syscfg_exti_line_config                  0x08004269   Thumb Code   164  gd32e23x_syscfg.o(.text.syscfg_exti_line_config)
    systick_clksource_set                    0x08004409   Thumb Code    40  gd32e23x_misc.o(.text.systick_clksource_set)
    systick_config                           0x08004435   Thumb Code    44  systick.o(.text.systick_config)
    timer_auto_reload_shadow_enable          0x08004475   Thumb Code    18  gd32e23x_timer.o(.text.timer_auto_reload_shadow_enable)
    timer_autoreload_value_config            0x08004487   Thumb Code    18  gd32e23x_timer.o(.text.timer_autoreload_value_config)
    timer_channel_capture_value_register_read 0x08004499   Thumb Code    88  gd32e23x_timer.o(.text.timer_channel_capture_value_register_read)
    timer_channel_input_capture_prescaler_config 0x080044f1   Thumb Code   158  gd32e23x_timer.o(.text.timer_channel_input_capture_prescaler_config)
    timer_channel_input_struct_para_init     0x0800458f   Thumb Code    28  gd32e23x_timer.o(.text.timer_channel_input_struct_para_init)
    timer_channel_output_config              0x080045ad   Thumb Code   740  gd32e23x_timer.o(.text.timer_channel_output_config)
    timer_channel_output_mode_config         0x080048a1   Thumb Code   158  gd32e23x_timer.o(.text.timer_channel_output_mode_config)
    timer_channel_output_pulse_value_config  0x08004941   Thumb Code    82  gd32e23x_timer.o(.text.timer_channel_output_pulse_value_config)
    timer_channel_output_shadow_config       0x08004995   Thumb Code   158  gd32e23x_timer.o(.text.timer_channel_output_shadow_config)
    timer_channel_output_struct_para_init    0x08004a33   Thumb Code    34  gd32e23x_timer.o(.text.timer_channel_output_struct_para_init)
    timer_deinit                             0x08004a55   Thumb Code   200  gd32e23x_timer.o(.text.timer_deinit)
    timer_disable                            0x08004b3d   Thumb Code    18  gd32e23x_timer.o(.text.timer_disable)
    timer_enable                             0x08004b4f   Thumb Code    18  gd32e23x_timer.o(.text.timer_enable)
    timer_init                               0x08004b61   Thumb Code   228  gd32e23x_timer.o(.text.timer_init)
    timer_input_capture_config               0x08004c5d   Thumb Code   446  gd32e23x_timer.o(.text.timer_input_capture_config)
    timer_interrupt_enable                   0x08004e1b   Thumb Code    20  gd32e23x_timer.o(.text.timer_interrupt_enable)
    timer_interrupt_flag_clear               0x08004e2f   Thumb Code    18  gd32e23x_timer.o(.text.timer_interrupt_flag_clear)
    timer_interrupt_flag_get                 0x08004e41   Thumb Code    58  gd32e23x_timer.o(.text.timer_interrupt_flag_get)
    timer_primary_output_config              0x08004e7b   Thumb Code    48  gd32e23x_timer.o(.text.timer_primary_output_config)
    timer_struct_para_init                   0x08004ead   Thumb Code    36  gd32e23x_timer.o(.text.timer_struct_para_init)
    usart_baudrate_set                       0x08004ed5   Thumb Code   172  gd32e23x_usart.o(.text.usart_baudrate_set)
    usart_deinit                             0x08004f85   Thumb Code    68  gd32e23x_usart.o(.text.usart_deinit)
    usart_enable                             0x08004fd9   Thumb Code    18  gd32e23x_usart.o(.text.usart_enable)
    usart_parity_config                      0x08004feb   Thumb Code    42  gd32e23x_usart.o(.text.usart_parity_config)
    usart_receive_config                     0x08005015   Thumb Code    30  gd32e23x_usart.o(.text.usart_receive_config)
    usart_stop_bit_set                       0x08005033   Thumb Code    42  gd32e23x_usart.o(.text.usart_stop_bit_set)
    usart_transmit_config                    0x0800505d   Thumb Code    30  gd32e23x_usart.o(.text.usart_transmit_config)
    usart_word_length_set                    0x0800507b   Thumb Code    42  gd32e23x_usart.o(.text.usart_word_length_set)
    __0sprintf                               0x080050a5   Thumb Code    36  printfa.o(i.__0sprintf)
    __1sprintf                               0x080050a5   Thumb Code     0  printfa.o(i.__0sprintf)
    __2sprintf                               0x080050a5   Thumb Code     0  printfa.o(i.__0sprintf)
    __c89sprintf                             0x080050a5   Thumb Code     0  printfa.o(i.__0sprintf)
    sprintf                                  0x080050a5   Thumb Code     0  printfa.o(i.__0sprintf)
    __ARM_clz                                0x080050cd   Thumb Code    46  depilogue.o(i.__ARM_clz)
    __scatterload_copy                       0x080050fb   Thumb Code    14  handlers.o(i.__scatterload_copy)
    __scatterload_null                       0x08005109   Thumb Code     2  handlers.o(i.__scatterload_null)
    __scatterload_zeroinit                   0x0800510b   Thumb Code    14  handlers.o(i.__scatterload_zeroinit)
    ascii_1206                               0x080059ce   Data        1140  tft.o(.rodata.ascii_1206)
    ascii_1608                               0x08005e42   Data        1520  tft.o(.rodata.ascii_1608)
    ascii_2412                               0x08006432   Data        4560  tft.o(.rodata.ascii_2412)
    bootload                                 0x08007602   Data       20480  img.o(.rodata.bootload)
    tfont12                                  0x0800c686   Data         338  tft.o(.rodata.tfont12)
    tfont16                                  0x0800c7d8   Data         306  tft.o(.rodata.tfont16)
    tfont24                                  0x0800c90a   Data         370  tft.o(.rodata.tfont24)
    Region$$Table$$Base                      0x0800ca7c   Number         0  anon$$obj.o(Region$$Table)
    Region$$Table$$Limit                     0x0800ca9c   Number         0  anon$$obj.o(Region$$Table)
    SystemCoreClock                          0x20000000   Data           4  system_gd32e23x.o(.data.SystemCoreClock)
    adc_value                                0x2000000a   Data         600  adc.o(.bss.adc_value)
    ccnumber                                 0x20000262   Data           2  freq.o(.bss.ccnumber)
    count                                    0x20000264   Data           4  freq.o(.bss.count)
    freq                                     0x20000270   Data           4  freq.o(.bss.freq)
    oscilloscope                             0x20000278   Data        1224  main.o(.bss.oscilloscope)
    readvalue1                               0x20000740   Data           2  freq.o(.bss.readvalue1)
    readvalue2                               0x20000742   Data           2  freq.o(.bss.readvalue2)
    __initial_sp                             0x20000d48   Data           0  startup_gd32e23x.o(STACK)



==============================================================================

Memory Map of the image

  Image Entry point : 0x080000cd

  Load Region LR_IROM1 (Base: 0x08000000, Size: 0x0000caa8, Max: 0x00010000, ABSOLUTE)

    Execution Region ER_IROM1 (Exec base: 0x08000000, Load base: 0x08000000, Size: 0x0000ca9c, Max: 0x00010000, ABSOLUTE)

    Exec Addr    Load Addr    Size         Type   Attr      Idx    E Section Name        Object

    0x08000000   0x08000000   0x000000cc   Data   RO         1176    RESET               startup_gd32e23x.o
    0x080000cc   0x080000cc   0x00000000   Code   RO         1364  * .ARM.Collect$$$$00000000  mc_p.l(entry.o)
    0x080000cc   0x080000cc   0x00000004   Code   RO         1421    .ARM.Collect$$$$00000001  mc_p.l(entry2.o)
    0x080000d0   0x080000d0   0x00000004   Code   RO         1424    .ARM.Collect$$$$00000004  mc_p.l(entry5.o)
    0x080000d4   0x080000d4   0x00000000   Code   RO         1426    .ARM.Collect$$$$00000008  mc_p.l(entry7b.o)
    0x080000d4   0x080000d4   0x00000000   Code   RO         1428    .ARM.Collect$$$$0000000A  mc_p.l(entry8b.o)
    0x080000d4   0x080000d4   0x00000008   Code   RO         1429    .ARM.Collect$$$$0000000B  mc_p.l(entry9a.o)
    0x080000dc   0x080000dc   0x00000000   Code   RO         1431    .ARM.Collect$$$$0000000D  mc_p.l(entry10a.o)
    0x080000dc   0x080000dc   0x00000000   Code   RO         1433    .ARM.Collect$$$$0000000F  mc_p.l(entry11a.o)
    0x080000dc   0x080000dc   0x00000004   Code   RO         1422    .ARM.Collect$$$$00002712  mc_p.l(entry2.o)
    0x080000e0   0x080000e0   0x0000001c   Code   RO         1177    .text               startup_gd32e23x.o
    0x080000fc   0x080000fc   0x000000b2   Code   RO         1395    .text               mf_p.l(fadd.o)
    0x080001ae   0x080001ae   0x0000007a   Code   RO         1397    .text               mf_p.l(fmul.o)
    0x08000228   0x08000228   0x0000007c   Code   RO         1399    .text               mf_p.l(fdiv.o)
    0x080002a4   0x080002a4   0x0000001c   Code   RO         1401    .text               mf_p.l(fcmple.o)
    0x080002c0   0x080002c0   0x0000001c   Code   RO         1403    .text               mf_p.l(fcmplt.o)
    0x080002dc   0x080002dc   0x0000001c   Code   RO         1405    .text               mf_p.l(fcmpge.o)
    0x080002f8   0x080002f8   0x0000002c   Code   RO         1407    .text               mf_p.l(dcmple.o)
    0x08000324   0x08000324   0x0000002c   Code   RO         1409    .text               mf_p.l(dcmpgt.o)
    0x08000350   0x08000350   0x00000016   Code   RO         1411    .text               mf_p.l(fflti.o)
    0x08000366   0x08000366   0x0000000e   Code   RO         1413    .text               mf_p.l(ffltui.o)
    0x08000374   0x08000374   0x00000032   Code   RO         1415    .text               mf_p.l(ffixi.o)
    0x080003a6   0x080003a6   0x00000028   Code   RO         1417    .text               mf_p.l(ffixui.o)
    0x080003ce   0x080003ce   0x00000028   Code   RO         1419    .text               mf_p.l(f2d.o)
    0x080003f6   0x080003f6   0x00000060   Code   RO         1440    .text               mc_p.l(uldiv.o)
    0x08000456   0x08000456   0x00000000   Code   RO         1442    .text               mc_p.l(iusefp.o)
    0x08000456   0x08000456   0x00000082   Code   RO         1443    .text               mf_p.l(fepilogue.o)
    0x080004d8   0x080004d8   0x00000164   Code   RO         1445    .text               mf_p.l(dadd.o)
    0x0800063c   0x0800063c   0x000000d0   Code   RO         1447    .text               mf_p.l(dmul.o)
    0x0800070c   0x0800070c   0x000000f0   Code   RO         1449    .text               mf_p.l(ddiv.o)
    0x080007fc   0x080007fc   0x00000040   Code   RO         1451    .text               mf_p.l(dfixul.o)
    0x0800083c   0x0800083c   0x00000028   Code   RO         1453    .text               mf_p.l(cdrcmple.o)
    0x08000864   0x08000864   0x00000030   Code   RO         1455    .text               mc_p.l(init.o)
    0x08000894   0x08000894   0x0000003e   Code   RO         1459    .text               mc_p.l(uidiv_div0.o)
    0x080008d2   0x080008d2   0x00000020   Code   RO         1465    .text               mc_p.l(llshl.o)
    0x080008f2   0x080008f2   0x00000022   Code   RO         1467    .text               mc_p.l(llushr.o)
    0x08000914   0x08000914   0x00000026   Code   RO         1469    .text               mc_p.l(llsshr.o)
    0x0800093a   0x0800093a   0x000000be   Code   RO         1471    .text               mf_p.l(depilogue.o)
    0x080009f8   0x080009f8   0x00000068   Code   RO         1296    .text.ADC_DMA_Init  adc.o
    0x08000a60   0x08000a60   0x00000040   Code   RO         1203    .text.CLose_LED     led.o
    0x08000aa0   0x08000aa0   0x00000030   Code   RO         1298    .text.DMA_Channel0_IRQHandler  adc.o
    0x08000ad0   0x08000ad0   0x00000170   Code   RO         1338    .text.EXTI4_15_IRQHandler  key.o
    0x08000c40   0x08000c40   0x00000044   Code   RO         1292    .text.Get_ADC_Value  adc.o
    0x08000c84   0x08000c84   0x00000004   Code   RO            4    .text.HardFault_Handler  gd32e23x_it.o
    0x08000c88   0x08000c88   0x0000009c   Code   RO           51    .text.IMG_Bootload  img.o
    0x08000d24   0x08000d24   0x00000094   Code   RO         1294    .text.Init_ADC      adc.o
    0x08000db8   0x08000db8   0x0000004c   Code   RO         1334    .text.Init_EC11_GPIO  key.o
    0x08000e04   0x08000e04   0x000000bc   Code   RO         1349    .text.Init_FreqTimer  freq.o
    0x08000ec0   0x08000ec0   0x000000a4   Code   RO         1332    .text.Init_Key_GPIO  key.o
    0x08000f64   0x08000f64   0x00000064   Code   RO         1201    .text.Init_LED_GPIO  led.o
    0x08000fc8   0x08000fc8   0x00000038   Code   RO           21    .text.Init_Oscilloscope  main.o
    0x08001000   0x08001000   0x000000d8   Code   RO         1319    .text.Init_PWM_Output  timer.o
    0x080010d8   0x080010d8   0x00000080   Code   RO         1238    .text.Init_SPI0_GPIO  tft_init.o
    0x08001158   0x08001158   0x0000008c   Code   RO         1214    .text.Init_SPI0_GPIO16  tft_init.o
    0x080011e4   0x080011e4   0x000000b8   Code   RO         1308    .text.Init_USART    usart.o
    0x0800129c   0x0800129c   0x00000258   Code   RO         1336    .text.Key_Handle    key.o
    0x080014f4   0x080014f4   0x00000002   Code   RO            2    .text.NMI_Handler   gd32e23x_it.o
    0x080014f6   0x080014f6   0x00000002   PAD
    0x080014f8   0x080014f8   0x00000040   Code   RO         1205    .text.Open_LED      led.o
    0x08001538   0x08001538   0x00000002   Code   RO            8    .text.PendSV_Handler  gd32e23x_it.o
    0x0800153a   0x0800153a   0x00000002   PAD
    0x0800153c   0x0800153c   0x0000002c   Code   RO         1218    .text.SPI0_Write    tft_init.o
    0x08001568   0x08001568   0x0000002c   Code   RO         1224    .text.SPI0_Write16  tft_init.o
    0x08001594   0x08001594   0x00000002   Code   RO            6    .text.SVC_Handler   gd32e23x_it.o
    0x08001596   0x08001596   0x00000002   PAD
    0x08001598   0x08001598   0x00000014   Code   RO         1323    .text.Set_Output_Freq  timer.o
    0x080015ac   0x080015ac   0x0000001c   Code   RO         1321    .text.Set_Output_PWMComparex  timer.o
    0x080015c8   0x080015c8   0x00000002   Code   RO           10    .text.SysTick_Handler  gd32e23x_it.o
    0x080015ca   0x080015ca   0x00000002   PAD
    0x080015cc   0x080015cc   0x000000fc   Code   RO         1184    .text.SystemInit    system_gd32e23x.o
    0x080016c8   0x080016c8   0x00000052   Code   RO         1232    .text.TFT_Address_Set16  tft_init.o
    0x0800171a   0x0800171a   0x00000138   Code   RO         1251    .text.TFT_DrawLine  tft.o
    0x08001852   0x08001852   0x0000002c   Code   RO         1249    .text.TFT_DrawPoint  tft.o
    0x0800187e   0x0800187e   0x00000090   Code   RO         1247    .text.TFT_Fill      tft.o
    0x0800190e   0x0800190e   0x00000002   PAD
    0x08001910   0x08001910   0x0000003c   Code   RO         1236    .text.TFT_GPIO_Init  tft_init.o
    0x0800194c   0x0800194c   0x00000230   Code   RO         1234    .text.TFT_Init      tft_init.o
    0x08001b7c   0x08001b7c   0x000001e8   Code   RO         1259    .text.TFT_ShowChar  tft.o
    0x08001d64   0x08001d64   0x000000e2   Code   RO         1263    .text.TFT_ShowChinese  tft.o
    0x08001e46   0x08001e46   0x00000002   PAD
    0x08001e48   0x08001e48   0x000001ec   Code   RO         1265    .text.TFT_ShowChinese12x12  tft.o
    0x08002034   0x08002034   0x000001ec   Code   RO         1267    .text.TFT_ShowChinese16x16  tft.o
    0x08002220   0x08002220   0x000001ec   Code   RO         1269    .text.TFT_ShowChinese24x24  tft.o
    0x0800240c   0x0800240c   0x00000078   Code   RO         1261    .text.TFT_ShowString  tft.o
    0x08002484   0x08002484   0x00000260   Code   RO         1273    .text.TFT_ShowUI    tft.o
    0x080026e4   0x080026e4   0x000002cc   Code   RO         1271    .text.TFT_StaticUI  tft.o
    0x080029b0   0x080029b0   0x0000002c   Code   RO         1222    .text.TFT_WR_DATA16  tft_init.o
    0x080029dc   0x080029dc   0x0000002c   Code   RO         1216    .text.TFT_WR_DATA8  tft_init.o
    0x08002a08   0x08002a08   0x0000003c   Code   RO         1226    .text.TFT_WR_REG    tft_init.o
    0x08002a44   0x08002a44   0x00000040   Code   RO         1228    .text.TFT_WR_REG16  tft_init.o
    0x08002a84   0x08002a84   0x000000f0   Code   RO         1351    .text.TIMER2_IRQHandler  freq.o
    0x08002b74   0x08002b74   0x00000034   Code   RO          514    .text.__NVIC_EnableIRQ  gd32e23x_misc.o
    0x08002ba8   0x08002ba8   0x00000084   Code   RO          512    .text.__NVIC_SetPriority  gd32e23x_misc.o
    0x08002c2c   0x08002c2c   0x00000038   Code   RO           66    .text.adc_calibration_enable  gd32e23x_adc.o
    0x08002c64   0x08002c64   0x00000068   Code   RO           82    .text.adc_channel_length_config  gd32e23x_adc.o
    0x08002ccc   0x08002ccc   0x0000002c   Code   RO           80    .text.adc_data_alignment_config  gd32e23x_adc.o
    0x08002cf8   0x08002cf8   0x00000010   Code   RO           68    .text.adc_dma_mode_enable  gd32e23x_adc.o
    0x08002d08   0x08002d08   0x00000018   Code   RO           62    .text.adc_enable    gd32e23x_adc.o
    0x08002d20   0x08002d20   0x0000007c   Code   RO           90    .text.adc_external_trigger_config  gd32e23x_adc.o
    0x08002d9c   0x08002d9c   0x00000050   Code   RO           92    .text.adc_external_trigger_source_config  gd32e23x_adc.o
    0x08002dec   0x08002dec   0x0000015c   Code   RO           84    .text.adc_regular_channel_config  gd32e23x_adc.o
    0x08002f48   0x08002f48   0x00000040   Code   RO           94    .text.adc_software_trigger_enable  gd32e23x_adc.o
    0x08002f88   0x08002f88   0x000000b4   Code   RO           78    .text.adc_special_function_config  gd32e23x_adc.o
    0x0800303c   0x0800303c   0x00000080   Code   RO           38    .text.delay_1ms     systick.o
    0x080030bc   0x080030bc   0x0000001c   Code   RO          218    .text.dma_channel_disable  gd32e23x_dma.o
    0x080030d8   0x080030d8   0x0000001c   Code   RO          228    .text.dma_channel_enable  gd32e23x_dma.o
    0x080030f4   0x080030f4   0x0000001c   Code   RO          220    .text.dma_circulation_enable  gd32e23x_dma.o
    0x08003110   0x08003110   0x00000058   Code   RO          212    .text.dma_deinit    gd32e23x_dma.o
    0x08003168   0x08003168   0x00000114   Code   RO          216    .text.dma_init      gd32e23x_dma.o
    0x0800327c   0x0800327c   0x00000020   Code   RO          262    .text.dma_interrupt_enable  gd32e23x_dma.o
    0x0800329c   0x0800329c   0x00000024   Code   RO          260    .text.dma_interrupt_flag_clear  gd32e23x_dma.o
    0x080032c0   0x080032c0   0x000000c4   Code   RO          258    .text.dma_interrupt_flag_get  gd32e23x_dma.o
    0x08003384   0x08003384   0x00000024   Code   RO          234    .text.dma_transfer_number_config  gd32e23x_dma.o
    0x080033a8   0x080033a8   0x00000104   Code   RO         1257    .text.drawCurve     tft.o
    0x080034ac   0x080034ac   0x000000e0   Code   RO          275    .text.exti_init     gd32e23x_exti.o
    0x0800358c   0x0800358c   0x00000010   Code   RO          295    .text.exti_interrupt_flag_clear  gd32e23x_exti.o
    0x0800359c   0x0800359c   0x0000002c   Code   RO          293    .text.exti_interrupt_flag_get  gd32e23x_exti.o
    0x080035c8   0x080035c8   0x000000c0   Code   RO          418    .text.gpio_af_set   gd32e23x_gpio.o
    0x08003688   0x08003688   0x00000010   Code   RO          404    .text.gpio_bit_reset  gd32e23x_gpio.o
    0x08003698   0x08003698   0x00000010   Code   RO          402    .text.gpio_bit_set  gd32e23x_gpio.o
    0x080036a8   0x080036a8   0x0000002a   Code   RO          410    .text.gpio_input_bit_get  gd32e23x_gpio.o
    0x080036d2   0x080036d2   0x0000008e   Code   RO          398    .text.gpio_mode_set  gd32e23x_gpio.o
    0x08003760   0x08003760   0x0000008a   Code   RO          400    .text.gpio_output_options_set  gd32e23x_gpio.o
    0x080037ea   0x080037ea   0x00000002   PAD
    0x080037ec   0x080037ec   0x000002ac   Code   RO           19    .text.main          main.o
    0x08003a98   0x08003a98   0x0000002c   Code   RO          510    .text.nvic_irq_enable  gd32e23x_misc.o
    0x08003ac4   0x08003ac4   0x00000024   Code   RO          524    .text.nvic_vector_table_set  gd32e23x_misc.o
    0x08003ae8   0x08003ae8   0x0000018c   Code   RO          600    .text.rcu_adc_clock_config  gd32e23x_rcu.o
    0x08003c74   0x08003c74   0x000002f8   Code   RO          638    .text.rcu_clock_freq_get  gd32e23x_rcu.o
    0x08003f6c   0x08003f6c   0x00000024   Code   RO          574    .text.rcu_periph_clock_enable  gd32e23x_rcu.o
    0x08003f90   0x08003f90   0x00000024   Code   RO          584    .text.rcu_periph_reset_disable  gd32e23x_rcu.o
    0x08003fb4   0x08003fb4   0x00000028   Code   RO          582    .text.rcu_periph_reset_enable  gd32e23x_rcu.o
    0x08003fdc   0x08003fdc   0x00000012   Code   RO          734    .text.spi_enable    gd32e23x_spi.o
    0x08003fee   0x08003fee   0x00000002   PAD
    0x08003ff0   0x08003ff0   0x0000004c   Code   RO          768    .text.spi_i2s_data_transmit  gd32e23x_spi.o
    0x0800403c   0x0800403c   0x00000048   Code   RO          728    .text.spi_i2s_deinit  gd32e23x_spi.o
    0x08004084   0x08004084   0x00000080   Code   RO          810    .text.spi_i2s_flag_get  gd32e23x_spi.o
    0x08004104   0x08004104   0x00000138   Code   RO          732    .text.spi_init      gd32e23x_spi.o
    0x0800423c   0x0800423c   0x0000002a   Code   RO          730    .text.spi_struct_para_init  gd32e23x_spi.o
    0x08004266   0x08004266   0x00000002   PAD
    0x08004268   0x08004268   0x000000b4   Code   RO          835    .text.syscfg_exti_line_config  gd32e23x_syscfg.o
    0x0800431c   0x0800431c   0x000000e4   Code   RO         1190    .text.system_clock_72m_hxtal  system_gd32e23x.o
    0x08004400   0x08004400   0x00000008   Code   RO         1186    .text.system_clock_config  system_gd32e23x.o
    0x08004408   0x08004408   0x0000002c   Code   RO          530    .text.systick_clksource_set  gd32e23x_misc.o
    0x08004434   0x08004434   0x00000040   Code   RO           32    .text.systick_config  systick.o
    0x08004474   0x08004474   0x00000012   Code   RO          862    .text.timer_auto_reload_shadow_enable  gd32e23x_timer.o
    0x08004486   0x08004486   0x00000012   Code   RO          880    .text.timer_autoreload_value_config  gd32e23x_timer.o
    0x08004498   0x08004498   0x00000058   Code   RO          962    .text.timer_channel_capture_value_register_read  gd32e23x_timer.o
    0x080044f0   0x080044f0   0x0000009e   Code   RO          960    .text.timer_channel_input_capture_prescaler_config  gd32e23x_timer.o
    0x0800458e   0x0800458e   0x0000001c   Code   RO          956    .text.timer_channel_input_struct_para_init  gd32e23x_timer.o
    0x080045aa   0x080045aa   0x00000002   PAD
    0x080045ac   0x080045ac   0x000002f4   Code   RO          936    .text.timer_channel_output_config  gd32e23x_timer.o
    0x080048a0   0x080048a0   0x0000009e   Code   RO          938    .text.timer_channel_output_mode_config  gd32e23x_timer.o
    0x0800493e   0x0800493e   0x00000002   PAD
    0x08004940   0x08004940   0x00000052   Code   RO          940    .text.timer_channel_output_pulse_value_config  gd32e23x_timer.o
    0x08004992   0x08004992   0x00000002   PAD
    0x08004994   0x08004994   0x0000009e   Code   RO          942    .text.timer_channel_output_shadow_config  gd32e23x_timer.o
    0x08004a32   0x08004a32   0x00000022   Code   RO          934    .text.timer_channel_output_struct_para_init  gd32e23x_timer.o
    0x08004a54   0x08004a54   0x000000e8   Code   RO          852    .text.timer_deinit  gd32e23x_timer.o
    0x08004b3c   0x08004b3c   0x00000012   Code   RO          860    .text.timer_disable  gd32e23x_timer.o
    0x08004b4e   0x08004b4e   0x00000012   Code   RO          858    .text.timer_enable  gd32e23x_timer.o
    0x08004b60   0x08004b60   0x000000fc   Code   RO          856    .text.timer_init    gd32e23x_timer.o
    0x08004c5c   0x08004c5c   0x000001be   Code   RO          958    .text.timer_input_capture_config  gd32e23x_timer.o
    0x08004e1a   0x08004e1a   0x00000014   Code   RO          894    .text.timer_interrupt_enable  gd32e23x_timer.o
    0x08004e2e   0x08004e2e   0x00000012   Code   RO          900    .text.timer_interrupt_flag_clear  gd32e23x_timer.o
    0x08004e40   0x08004e40   0x0000003a   Code   RO          898    .text.timer_interrupt_flag_get  gd32e23x_timer.o
    0x08004e7a   0x08004e7a   0x00000030   Code   RO          928    .text.timer_primary_output_config  gd32e23x_timer.o
    0x08004eaa   0x08004eaa   0x00000002   PAD
    0x08004eac   0x08004eac   0x00000028   Code   RO          854    .text.timer_struct_para_init  gd32e23x_timer.o
    0x08004ed4   0x08004ed4   0x000000b0   Code   RO         1007    .text.usart_baudrate_set  gd32e23x_usart.o
    0x08004f84   0x08004f84   0x00000054   Code   RO         1005    .text.usart_deinit  gd32e23x_usart.o
    0x08004fd8   0x08004fd8   0x00000012   Code   RO         1015    .text.usart_enable  gd32e23x_usart.o
    0x08004fea   0x08004fea   0x0000002a   Code   RO         1009    .text.usart_parity_config  gd32e23x_usart.o
    0x08005014   0x08005014   0x0000001e   Code   RO         1021    .text.usart_receive_config  gd32e23x_usart.o
    0x08005032   0x08005032   0x0000002a   Code   RO         1013    .text.usart_stop_bit_set  gd32e23x_usart.o
    0x0800505c   0x0800505c   0x0000001e   Code   RO         1019    .text.usart_transmit_config  gd32e23x_usart.o
    0x0800507a   0x0800507a   0x0000002a   Code   RO         1011    .text.usart_word_length_set  gd32e23x_usart.o
    0x080050a4   0x080050a4   0x00000028   Code   RO         1370    i.__0sprintf        mc_p.l(printfa.o)
    0x080050cc   0x080050cc   0x0000002e   Code   RO         1473    i.__ARM_clz         mf_p.l(depilogue.o)
    0x080050fa   0x080050fa   0x0000000e   Code   RO         1477    i.__scatterload_copy  mc_p.l(handlers.o)
    0x08005108   0x08005108   0x00000002   Code   RO         1478    i.__scatterload_null  mc_p.l(handlers.o)
    0x0800510a   0x0800510a   0x0000000e   Code   RO         1479    i.__scatterload_zeroinit  mc_p.l(handlers.o)
    0x08005118   0x08005118   0x00000174   Code   RO         1375    i._fp_digits        mc_p.l(printfa.o)
    0x0800528c   0x0800528c   0x000006ec   Code   RO         1376    i._printf_core      mc_p.l(printfa.o)
    0x08005978   0x08005978   0x00000020   Code   RO         1377    i._printf_post_padding  mc_p.l(printfa.o)
    0x08005998   0x08005998   0x0000002c   Code   RO         1378    i._printf_pre_padding  mc_p.l(printfa.o)
    0x080059c4   0x080059c4   0x0000000a   Code   RO         1380    i._sputc            mc_p.l(printfa.o)
    0x080059ce   0x080059ce   0x00000474   Data   RO         1275    .rodata.ascii_1206  tft.o
    0x08005e42   0x08005e42   0x000005f0   Data   RO         1276    .rodata.ascii_1608  tft.o
    0x08006432   0x08006432   0x000011d0   Data   RO         1277    .rodata.ascii_2412  tft.o
    0x08007602   0x08007602   0x00005000   Data   RO           53    .rodata.bootload    img.o
    0x0800c602   0x0800c602   0x00000084   Data   RO         1284    .rodata.str1.1      tft.o
    0x0800c686   0x0800c686   0x00000152   Data   RO         1278    .rodata.tfont12     tft.o
    0x0800c7d8   0x0800c7d8   0x00000132   Data   RO         1279    .rodata.tfont16     tft.o
    0x0800c90a   0x0800c90a   0x00000172   Data   RO         1280    .rodata.tfont24     tft.o
    0x0800ca7c   0x0800ca7c   0x00000020   Data   RO         1476    Region$$Table       anon$$obj.o


    Execution Region RW_IRAM1 (Exec base: 0x20000000, Load base: 0x0800caa0, Size: 0x00000d48, Max: 0x00002000, ABSOLUTE)

    Exec Addr    Load Addr    Size         Type   Attr      Idx    E Section Name        Object

    0x20000000   0x0800caa0   0x00000004   Data   RW         1192    .data.SystemCoreClock  system_gd32e23x.o
    0x20000004   0x0800caa4   0x00000001   Data   RW         1281    .data.firstPoint    tft.o
    0x20000005   0x0800caa5   0x00000003   PAD
    0x20000008        -       0x00000001   Zero   RW         1341    .bss.EXTI4_15_IRQHandler.anticlockwiseNum  key.o
    0x20000009        -       0x00000001   Zero   RW         1340    .bss.EXTI4_15_IRQHandler.clockwiseNum  key.o
    0x2000000a        -       0x00000258   Zero   RW         1300    .bss.adc_value      adc.o
    0x20000262        -       0x00000002   Zero   RW         1355    .bss.ccnumber       freq.o
    0x20000264        -       0x00000004   Zero   RW         1356    .bss.count          freq.o
    0x20000268        -       0x00000004   Zero   RW           43    .bss.count_1ms      systick.o
    0x2000026c        -       0x00000004   Zero   RW           42    .bss.count_1us      systick.o
    0x20000270        -       0x00000004   Zero   RW         1357    .bss.freq           freq.o
    0x20000274        -       0x00000002   Zero   RW         1282    .bss.lastX          tft.o
    0x20000276        -       0x00000002   Zero   RW         1283    .bss.lastY          tft.o
    0x20000278        -       0x000004c8   Zero   RW           23    .bss.oscilloscope   main.o
    0x20000740        -       0x00000002   Zero   RW         1353    .bss.readvalue1     freq.o
    0x20000742        -       0x00000002   Zero   RW         1354    .bss.readvalue2     freq.o
    0x20000744   0x0800caa5   0x00000004   PAD
    0x20000748        -       0x00000600   Zero   RW         1174    STACK               startup_gd32e23x.o


==============================================================================

Image component sizes


      Code (inc. data)   RO Data    RW Data    ZI Data      Debug   Object Name

       368         12          0          0        600       3256   adc.o
       428         56          0          0         14       2921   freq.o
      1040         40          0          0          0       7660   gd32e23x_adc.o
       748         24          0          0          0       5544   gd32e23x_dma.o
       284         20          0          0          0       3103   gd32e23x_exti.o
       546          0          0          0          0       4252   gd32e23x_gpio.o
        12          0          0          0          0        694   gd32e23x_it.o
       308         24          0          0          0       3921   gd32e23x_misc.o
      1268         52          0          0          0      11289   gd32e23x_rcu.o
       648         16          0          0          0       9116   gd32e23x_spi.o
       180         16          0          0          0       2753   gd32e23x_syscfg.o
      2648         76          0          0          0      16963   gd32e23x_timer.o
       464         20          0          0          0      13712   gd32e23x_usart.o
       156          4      20480          0          0        907   img.o
      1208         48          0          0          2       4409   key.o
       228         16          0          0          0       1465   led.o
       740         32          0          0       1224       2247   main.o
        28          8        204          0       1536        712   startup_gd32e23x.o
       488         56          0          4          0       1921   system_gd32e23x.o
       192         36          0          0          8       1773   systick.o
      4394        124       8366          1          4       9148   tft.o
      1270         32          0          0          0       3360   tft_init.o
       264         12          0          0          0       2140   timer.o
       184         12          0          0          0       2278   usart.o

    ----------------------------------------------------------------------
     18120        736      29082          8       3392     115544   Object Totals
         0          0         32          0          0          0   (incl. Generated)
        26          0          0          3          4          0   (incl. Padding)

    ----------------------------------------------------------------------

      Code (inc. data)   RO Data    RW Data    ZI Data      Debug   Library Member Name

         0          0          0          0          0          0   entry.o
         0          0          0          0          0          0   entry10a.o
         0          0          0          0          0          0   entry11a.o
         8          4          0          0          0          0   entry2.o
         4          0          0          0          0          0   entry5.o
         0          0          0          0          0          0   entry7b.o
         0          0          0          0          0          0   entry8b.o
         8          4          0          0          0          0   entry9a.o
        30          0          0          0          0          0   handlers.o
        48         10          0          0          0         68   init.o
         0          0          0          0          0          0   iusefp.o
        32          0          0          0          0         68   llshl.o
        38          0          0          0          0         68   llsshr.o
        34          0          0          0          0         68   llushr.o
      2270         94          0          0          0        472   printfa.o
        62          0          0          0          0         72   uidiv_div0.o
        96          0          0          0          0         84   uldiv.o
        40          2          0          0          0         68   cdrcmple.o
       356          4          0          0          0        140   dadd.o
        44          0          0          0          0         68   dcmpgt.o
        44          0          0          0          0         68   dcmple.o
       240          6          0          0          0         84   ddiv.o
       236          0          0          0          0        216   depilogue.o
        64         10          0          0          0         68   dfixul.o
       208          6          0          0          0         88   dmul.o
        40          0          0          0          0         60   f2d.o
       178          0          0          0          0        108   fadd.o
        28          0          0          0          0         60   fcmpge.o
        28          0          0          0          0         60   fcmple.o
        28          0          0          0          0         60   fcmplt.o
       124          0          0          0          0         72   fdiv.o
       130          0          0          0          0        144   fepilogue.o
        50          0          0          0          0         60   ffixi.o
        40          0          0          0          0         60   ffixui.o
        22          0          0          0          0         68   fflti.o
        14          0          0          0          0         68   ffltui.o
       122          0          0          0          0         72   fmul.o

    ----------------------------------------------------------------------
      4666        140          0          0          0       2592   Library Totals
         0          0          0          0          0          0   (incl. Padding)

    ----------------------------------------------------------------------

      Code (inc. data)   RO Data    RW Data    ZI Data      Debug   Library Name

      2630        112          0          0          0        900   mc_p.l
      2036         28          0          0          0       1692   mf_p.l

    ----------------------------------------------------------------------
      4666        140          0          0          0       2592   Library Totals

    ----------------------------------------------------------------------

==============================================================================


      Code (inc. data)   RO Data    RW Data    ZI Data      Debug   

     22786        876      29082          8       3392     116520   Grand Totals
     22786        876      29082          8       3392     116520   ELF Image Totals
     22786        876      29082          8          0          0   ROM Totals

==============================================================================

    Total RO  Size (Code + RO Data)                51868 (  50.65kB)
    Total RW  Size (RW Data + ZI Data)              3400 (   3.32kB)
    Total ROM Size (Code + RO Data + RW Data)      51876 (  50.66kB)

==============================================================================

